Archive member included to satisfy reference by file (symbol)

e:/atmel/studio/7.0/toolchain/avr8/avr8-gnu-toolchain/bin/../lib/gcc/avr/5.4.0/../../../../avr/lib/avr6\libm.a(addsf3.o)
                              Control/Control.o (__subsf3)
e:/atmel/studio/7.0/toolchain/avr8/avr8-gnu-toolchain/bin/../lib/gcc/avr/5.4.0/../../../../avr/lib/avr6\libm.a(addsf3x.o)
                              e:/atmel/studio/7.0/toolchain/avr8/avr8-gnu-toolchain/bin/../lib/gcc/avr/5.4.0/../../../../avr/lib/avr6\libm.a(addsf3.o) (__addsf3x)
e:/atmel/studio/7.0/toolchain/avr8/avr8-gnu-toolchain/bin/../lib/gcc/avr/5.4.0/../../../../avr/lib/avr6\libm.a(cmpsf2.o)
                              Encoder_program.o (__ltsf2)
e:/atmel/studio/7.0/toolchain/avr8/avr8-gnu-toolchain/bin/../lib/gcc/avr/5.4.0/../../../../avr/lib/avr6\libm.a(divsf3.o)
                              Control/Control.o (__divsf3)
e:/atmel/studio/7.0/toolchain/avr8/avr8-gnu-toolchain/bin/../lib/gcc/avr/5.4.0/../../../../avr/lib/avr6\libm.a(divsf3x.o)
                              e:/atmel/studio/7.0/toolchain/avr8/avr8-gnu-toolchain/bin/../lib/gcc/avr/5.4.0/../../../../avr/lib/avr6\libm.a(divsf3.o) (__divsf3x)
e:/atmel/studio/7.0/toolchain/avr8/avr8-gnu-toolchain/bin/../lib/gcc/avr/5.4.0/../../../../avr/lib/avr6\libm.a(fixsfsi.o)
                              EasyComm/EasyComm.o (__fixsfsi)
e:/atmel/studio/7.0/toolchain/avr8/avr8-gnu-toolchain/bin/../lib/gcc/avr/5.4.0/../../../../avr/lib/avr6\libm.a(fixunssfsi.o)
                              Control/Control.o (__fixunssfsi)
e:/atmel/studio/7.0/toolchain/avr8/avr8-gnu-toolchain/bin/../lib/gcc/avr/5.4.0/../../../../avr/lib/avr6\libm.a(floatsisf.o)
                              Encoder_program.o (__floatunsisf)
e:/atmel/studio/7.0/toolchain/avr8/avr8-gnu-toolchain/bin/../lib/gcc/avr/5.4.0/../../../../avr/lib/avr6\libm.a(fp_cmp.o)
                              e:/atmel/studio/7.0/toolchain/avr8/avr8-gnu-toolchain/bin/../lib/gcc/avr/5.4.0/../../../../avr/lib/avr6\libm.a(cmpsf2.o) (__fp_cmp)
e:/atmel/studio/7.0/toolchain/avr8/avr8-gnu-toolchain/bin/../lib/gcc/avr/5.4.0/../../../../avr/lib/avr6\libm.a(fp_inf.o)
                              e:/atmel/studio/7.0/toolchain/avr8/avr8-gnu-toolchain/bin/../lib/gcc/avr/5.4.0/../../../../avr/lib/avr6\libm.a(addsf3x.o) (__fp_inf)
e:/atmel/studio/7.0/toolchain/avr8/avr8-gnu-toolchain/bin/../lib/gcc/avr/5.4.0/../../../../avr/lib/avr6\libm.a(fp_nan.o)
                              e:/atmel/studio/7.0/toolchain/avr8/avr8-gnu-toolchain/bin/../lib/gcc/avr/5.4.0/../../../../avr/lib/avr6\libm.a(addsf3x.o) (__fp_nan)
e:/atmel/studio/7.0/toolchain/avr8/avr8-gnu-toolchain/bin/../lib/gcc/avr/5.4.0/../../../../avr/lib/avr6\libm.a(fp_pscA.o)
                              e:/atmel/studio/7.0/toolchain/avr8/avr8-gnu-toolchain/bin/../lib/gcc/avr/5.4.0/../../../../avr/lib/avr6\libm.a(addsf3x.o) (__fp_pscA)
e:/atmel/studio/7.0/toolchain/avr8/avr8-gnu-toolchain/bin/../lib/gcc/avr/5.4.0/../../../../avr/lib/avr6\libm.a(fp_pscB.o)
                              e:/atmel/studio/7.0/toolchain/avr8/avr8-gnu-toolchain/bin/../lib/gcc/avr/5.4.0/../../../../avr/lib/avr6\libm.a(addsf3x.o) (__fp_pscB)
e:/atmel/studio/7.0/toolchain/avr8/avr8-gnu-toolchain/bin/../lib/gcc/avr/5.4.0/../../../../avr/lib/avr6\libm.a(fp_round.o)
                              e:/atmel/studio/7.0/toolchain/avr8/avr8-gnu-toolchain/bin/../lib/gcc/avr/5.4.0/../../../../avr/lib/avr6\libm.a(addsf3.o) (__fp_round)
e:/atmel/studio/7.0/toolchain/avr8/avr8-gnu-toolchain/bin/../lib/gcc/avr/5.4.0/../../../../avr/lib/avr6\libm.a(fp_split3.o)
                              e:/atmel/studio/7.0/toolchain/avr8/avr8-gnu-toolchain/bin/../lib/gcc/avr/5.4.0/../../../../avr/lib/avr6\libm.a(addsf3x.o) (__fp_split3)
e:/atmel/studio/7.0/toolchain/avr8/avr8-gnu-toolchain/bin/../lib/gcc/avr/5.4.0/../../../../avr/lib/avr6\libm.a(fp_zero.o)
                              e:/atmel/studio/7.0/toolchain/avr8/avr8-gnu-toolchain/bin/../lib/gcc/avr/5.4.0/../../../../avr/lib/avr6\libm.a(addsf3x.o) (__fp_zero)
e:/atmel/studio/7.0/toolchain/avr8/avr8-gnu-toolchain/bin/../lib/gcc/avr/5.4.0/../../../../avr/lib/avr6\libm.a(gesf2.o)
                              Control/Control.o (__gtsf2)
e:/atmel/studio/7.0/toolchain/avr8/avr8-gnu-toolchain/bin/../lib/gcc/avr/5.4.0/../../../../avr/lib/avr6\libm.a(mulsf3.o)
                              Control/Control.o (__mulsf3)
e:/atmel/studio/7.0/toolchain/avr8/avr8-gnu-toolchain/bin/../lib/gcc/avr/5.4.0/../../../../avr/lib/avr6\libm.a(mulsf3x.o)
                              e:/atmel/studio/7.0/toolchain/avr8/avr8-gnu-toolchain/bin/../lib/gcc/avr/5.4.0/../../../../avr/lib/avr6\libm.a(mulsf3.o) (__mulsf3x)
e:/atmel/studio/7.0/toolchain/avr8/avr8-gnu-toolchain/bin/../lib/gcc/avr/5.4.0/avr6\libgcc.a(_divmodhi4.o)
                              EasyComm/EasyComm.o (__divmodhi4)
e:/atmel/studio/7.0/toolchain/avr8/avr8-gnu-toolchain/bin/../lib/gcc/avr/5.4.0/avr6\libgcc.a(_udivmodsi4.o)
                              UART_program.o (__udivmodsi4)
e:/atmel/studio/7.0/toolchain/avr8/avr8-gnu-toolchain/bin/../lib/gcc/avr/5.4.0/avr6\libgcc.a(_exit.o)
                              E:/Atmel/Studio/7.0/Packs/atmel/ATmega_DFP/1.3.300/gcc/dev/atmega2560/avr6/crtatmega2560.o (exit)
e:/atmel/studio/7.0/toolchain/avr8/avr8-gnu-toolchain/bin/../lib/gcc/avr/5.4.0/avr6\libgcc.a(_copy_data.o)
                              Control/Control.o (__do_copy_data)
e:/atmel/studio/7.0/toolchain/avr8/avr8-gnu-toolchain/bin/../lib/gcc/avr/5.4.0/avr6\libgcc.a(_clear_bss.o)
                              ADC/ADC_PROG.o (__do_clear_bss)
e:/atmel/studio/7.0/toolchain/avr8/avr8-gnu-toolchain/bin/../lib/gcc/avr/5.4.0/avr6\libgcc.a(_umulhisi3.o)
                              PWMD/PWMD.o (__umulhisi3)
e:/atmel/studio/7.0/toolchain/avr8/avr8-gnu-toolchain/bin/../lib/gcc/avr/5.4.0/avr6\libgcc.a(_udivmodhi4.o)
                              e:/atmel/studio/7.0/toolchain/avr8/avr8-gnu-toolchain/bin/../lib/gcc/avr/5.4.0/avr6\libgcc.a(_divmodhi4.o) (__udivmodhi4)
e:/atmel/studio/7.0/toolchain/avr8/avr8-gnu-toolchain/bin/../lib/gcc/avr/5.4.0/../../../../avr/lib/avr6\libc.a(malloc.o)
                              Control/Control.o (malloc)
e:/atmel/studio/7.0/toolchain/avr8/avr8-gnu-toolchain/bin/../lib/gcc/avr/5.4.0/../../../../avr/lib/avr6\libc.a(isblank.o)
                              EasyComm/EasyComm.o (isblank)
e:/atmel/studio/7.0/toolchain/avr8/avr8-gnu-toolchain/bin/../lib/gcc/avr/5.4.0/../../../../avr/lib/avr6\libc.a(memcmp.o)
                              Encoder_program.o (memcmp)
e:/atmel/studio/7.0/toolchain/avr8/avr8-gnu-toolchain/bin/../lib/gcc/avr/5.4.0/../../../../avr/lib/avr6\libc.a(memcpy.o)
                              Encoder_program.o (memcpy)
e:/atmel/studio/7.0/toolchain/avr8/avr8-gnu-toolchain/bin/../lib/gcc/avr/5.4.0/../../../../avr/lib/avr6\libc.a(cty_isfalse.o)
                              e:/atmel/studio/7.0/toolchain/avr8/avr8-gnu-toolchain/bin/../lib/gcc/avr/5.4.0/../../../../avr/lib/avr6\libc.a(isblank.o) (__ctype_isfalse)

Allocating common symbols
Common symbol       size              file

tsz                 0x2               EasyComm/EasyComm.o
__brkval            0x2               e:/atmel/studio/7.0/toolchain/avr8/avr8-gnu-toolchain/bin/../lib/gcc/avr/5.4.0/../../../../avr/lib/avr6\libc.a(malloc.o)
table               0x2               EasyComm/EasyComm.o
__flp               0x2               e:/atmel/studio/7.0/toolchain/avr8/avr8-gnu-toolchain/bin/../lib/gcc/avr/5.4.0/../../../../avr/lib/avr6\libc.a(malloc.o)

Discarded input sections

 .data          0x00000000        0x0 E:/Atmel/Studio/7.0/Packs/atmel/ATmega_DFP/1.3.300/gcc/dev/atmega2560/avr6/crtatmega2560.o
 .bss           0x00000000        0x0 E:/Atmel/Studio/7.0/Packs/atmel/ATmega_DFP/1.3.300/gcc/dev/atmega2560/avr6/crtatmega2560.o
 .text          0x00000000        0x0 ADC/ADC_PROG.o
 .data          0x00000000        0x0 ADC/ADC_PROG.o
 .bss           0x00000000        0x0 ADC/ADC_PROG.o
 .text.ADC_voidConfig
                0x00000000       0x76 ADC/ADC_PROG.o
 .text.ADC_voidEnable
                0x00000000       0x22 ADC/ADC_PROG.o
 .text.ADC_voidDisable
                0x00000000       0x22 ADC/ADC_PROG.o
 .text.ADC_u16Convert
                0x00000000       0x6e ADC/ADC_PROG.o
 .text.ADC_voidIntMask
                0x00000000       0x22 ADC/ADC_PROG.o
 .text.ADC_voidIntUnmask
                0x00000000       0x22 ADC/ADC_PROG.o
 .text.ADC_voidClrFlag
                0x00000000       0x22 ADC/ADC_PROG.o
 .text.ADC_voidSetCallback
                0x00000000       0x28 ADC/ADC_PROG.o
 .text          0x00000000        0x0 Control/Control.o
 .data          0x00000000        0x0 Control/Control.o
 .bss           0x00000000        0x0 Control/Control.o
 .bss.sampling_time
                0x00000000        0x4 Control/Control.o
 .bss.pid_p     0x00000000        0x2 Control/Control.o
 .bss.pid_i     0x00000000        0x2 Control/Control.o
 .bss.pid_d     0x00000000        0x2 Control/Control.o
 .bss.prev_y    0x00000000        0x2 Control/Control.o
 .bss.prev_r    0x00000000        0x2 Control/Control.o
 .bss.y_sum     0x00000000        0x2 Control/Control.o
 .bss.r_sum     0x00000000        0x2 Control/Control.o
 .bss.u         0x00000000        0x2 Control/Control.o
 .bss.f         0x00000000        0x2 Control/Control.o
 .data.driver_type
                0x00000000        0x1 Control/Control.o
 .text.Control_voidPIDProceed
                0x00000000      0x544 Control/Control.o
 .text.Control_voidPIDConfig
                0x00000000      0x44e Control/Control.o
 .text.Control_voidSetpoint
                0x00000000       0x82 Control/Control.o
 .text.Control_voidFeedback
                0x00000000       0x82 Control/Control.o
 .text.Control_voidSetDriver
                0x00000000       0x1c Control/Control.o
 .text.Control_voidStart
                0x00000000       0x18 Control/Control.o
 .text.Control_voidStop
                0x00000000       0x18 Control/Control.o
 .text          0x00000000        0x0 DIO/DIO_PROG.o
 .data          0x00000000        0x0 DIO/DIO_PROG.o
 .bss           0x00000000        0x0 DIO/DIO_PROG.o
 .text.IO_voidSetPin
                0x00000000       0x78 DIO/DIO_PROG.o
 .text.IO_voidClearPin
                0x00000000       0x7a DIO/DIO_PROG.o
 .text.IO_voidWritePort
                0x00000000       0x58 DIO/DIO_PROG.o
 .text.IO_u8ReadPort
                0x00000000       0x4e DIO/DIO_PROG.o
 .text.IO_voidTglPin
                0x00000000       0x78 DIO/DIO_PROG.o
 .text.IO_voidWritePin
                0x00000000       0x9c DIO/DIO_PROG.o
 .text          0x00000000        0x0 EasyComm/EasyComm.o
 .data          0x00000000        0x0 EasyComm/EasyComm.o
 .bss           0x00000000        0x0 EasyComm/EasyComm.o
 .bss.RA        0x00000000        0xb EasyComm/EasyComm.o
 .bss.base_time
                0x00000000        0x8 EasyComm/EasyComm.o
 .text          0x00000000        0x0 Encoder_program.o
 .data          0x00000000        0x0 Encoder_program.o
 .bss           0x00000000        0x0 Encoder_program.o
 .data.Bauds    0x00000000       0x20 Encoder_program.o
 .text.HEncoder_ReadingTGetReadings
                0x00000000       0xc2 Encoder_program.o
 .text.HEncoder_voidGetStatus
                0x00000000      0x1f6 Encoder_program.o
 .text.HEncoder_voidGetTime
                0x00000000      0x216 Encoder_program.o
 .text.HEncoder_u8GetErrorState
                0x00000000       0x8a Encoder_program.o
 .text.HEncoder_voidSleep
                0x00000000       0x5c Encoder_program.o
 .text.HEncoder_voidWakeup
                0x00000000      0x14c Encoder_program.o
 .text.HEncoder_voidSetAbolutePosition
                0x00000000      0x11c Encoder_program.o
 .text.HEncoder_voidReadSerialNumber
                0x00000000       0xa4 Encoder_program.o
 .text.HEncoder_u8CheckSerialNumber
                0x00000000       0xc8 Encoder_program.o
 .text.HEncoder_u8FailSerialNumber
                0x00000000       0xc8 Encoder_program.o
 .text.HEncoder_u8GetAddress
                0x00000000       0x96 Encoder_program.o
 .text.HEncoder_voidSetAddress
                0x00000000       0xac Encoder_program.o
 .text.HEncoder_voidReadFactoryInfo
                0x00000000      0x13a Encoder_program.o
 .text.HEncoder_voidReadResolution
                0x00000000       0xa2 Encoder_program.o
 .text.HEncoder_voidChangeResolution
                0x00000000       0x98 Encoder_program.o
 .text.HEncoder_voidReadMode
                0x00000000       0xa8 Encoder_program.o
 .text.HEncoder_voidChangeMode
                0x00000000       0xb6 Encoder_program.o
 .text.HEncoder_voidChangePowerUpMode
                0x00000000       0xb6 Encoder_program.o
 .text.HEncoder_u8LoopBack
                0x00000000       0x76 Encoder_program.o
 .text.HEncoder_voidChangeBaudRate
                0x00000000      0x110 Encoder_program.o
 .text          0x00000000        0x0 INT/INT_PROG.o
 .data          0x00000000        0x0 INT/INT_PROG.o
 .bss           0x00000000        0x0 INT/INT_PROG.o
 .text.INT_voidGlobDisable
                0x00000000       0x12 INT/INT_PROG.o
 .text.INT_voidINTxConfig
                0x00000000       0xe8 INT/INT_PROG.o
 .text.INT_voidINTxMask
                0x00000000       0x40 INT/INT_PROG.o
 .text.INT_voidINTxUnmask
                0x00000000       0x3e INT/INT_PROG.o
 .text.INT_voidPCIxEnable
                0x00000000       0x44 INT/INT_PROG.o
 .text.INT_voidPCIxDisable
                0x00000000       0x46 INT/INT_PROG.o
 .text.INT_voidPCIxMask
                0x00000000       0x5c INT/INT_PROG.o
 .text.INT_voidPCIxUnmask
                0x00000000       0x5e INT/INT_PROG.o
 .text.INT_voidSetINTxCallback
                0x00000000       0x36 INT/INT_PROG.o
 .text.INT_voidSetPCIxCallback
                0x00000000       0x3c INT/INT_PROG.o
 .text          0x00000000        0x0 main.o
 .data          0x00000000        0x0 main.o
 .bss           0x00000000        0x0 main.o
 .text          0x00000000        0x0 PWMD/PWMD.o
 .data          0x00000000        0x0 PWMD/PWMD.o
 .bss           0x00000000        0x0 PWMD/PWMD.o
 .text.PWMD_voidStop
                0x00000000       0x2c PWMD/PWMD.o
 .text.PWMD_voidChAmp
                0x00000000       0x42 PWMD/PWMD.o
 .text          0x00000000        0x0 TIM/TIM_PROG.o
 .data          0x00000000        0x0 TIM/TIM_PROG.o
 .bss           0x00000000        0x0 TIM/TIM_PROG.o
 .text.TIM_voidPWMSetDuty
                0x00000000      0x3d6 TIM/TIM_PROG.o
 .text.TIM_voidTIMxIntMask
                0x00000000       0x52 TIM/TIM_PROG.o
 .text.TIM_voidTIMxClrFlag
                0x00000000       0x4e TIM/TIM_PROG.o
 .text.TIM_voidChCompare
                0x00000000       0xe8 TIM/TIM_PROG.o
 .text.TIM_doubleTIMxGetTimestep
                0x00000000       0x34 TIM/TIM_PROG.o
 .data.tops.1695
                0x00000000        0x6 TIM/TIM_PROG.o
 .rodata.icrs.1691
                0x00000000        0xc TIM/TIM_PROG.o
 .rodata.ocras.1692
                0x00000000        0xc TIM/TIM_PROG.o
 .rodata.ocrbs.1693
                0x00000000        0xc TIM/TIM_PROG.o
 .rodata.ocrcs.1694
                0x00000000        0xc TIM/TIM_PROG.o
 .rodata.pwm_modes.1690
                0x00000000        0x6 TIM/TIM_PROG.o
 .rodata.ocras.1743
                0x00000000        0xc TIM/TIM_PROG.o
 .text          0x00000000        0x0 UART_program.o
 .data          0x00000000        0x0 UART_program.o
 .bss           0x00000000        0x0 UART_program.o
 .text.MUART_voidWriteStr
                0x00000000       0x7e UART_program.o
 .text.MUART_voidReadStr
                0x00000000      0x15c UART_program.o
 .text.MUART_voidEnableInterrupt
                0x00000000       0x60 UART_program.o
 .text.MUART_voidDisableInterrupt
                0x00000000       0x60 UART_program.o
 .text.MUART_voidSetCallBack
                0x00000000       0xa0 UART_program.o
 .text.MUART_voidReadFlag
                0x00000000       0x52 UART_program.o
 .text.MUART_voidClearFlag
                0x00000000       0x5e UART_program.o
 .text          0x00000000        0x0 USART/USART_PROG.o
 .data          0x00000000        0x0 USART/USART_PROG.o
 .bss           0x00000000        0x0 USART/USART_PROG.o
 .text          0x00000000        0x0 VFD/VFD.o
 .data          0x00000000        0x0 VFD/VFD.o
 .bss           0x00000000        0x0 VFD/VFD.o
 .text.updateGatesAz
                0x00000000       0xaa VFD/VFD.o
 .text.updateGatesEl
                0x00000000       0xaa VFD/VFD.o
 .text.VFD_voidInit
                0x00000000       0x88 VFD/VFD.o
 .text.VFD_voidSetFreq
                0x00000000      0x126 VFD/VFD.o
 .text.VFD_voidStop
                0x00000000       0x64 VFD/VFD.o
 .text.VFD_voidStart
                0x00000000       0x34 VFD/VFD.o
 .bss.i.1766    0x00000000        0x2 VFD/VFD.o
 .rodata.states.1765
                0x00000000        0x6 VFD/VFD.o
 .bss.i.1771    0x00000000        0x2 VFD/VFD.o
 .rodata.states.1770
                0x00000000        0x6 VFD/VFD.o
 .debug_info    0x00000000      0x2c5 VFD/VFD.o
 .debug_abbrev  0x00000000       0xf5 VFD/VFD.o
 .debug_loc     0x00000000      0x1bd VFD/VFD.o
 .debug_aranges
                0x00000000       0x48 VFD/VFD.o
 .debug_ranges  0x00000000       0x38 VFD/VFD.o
 .debug_line    0x00000000      0x1ff VFD/VFD.o
 .debug_str     0x00000000      0x277 VFD/VFD.o
 .comment       0x00000000       0x31 VFD/VFD.o
 .debug_frame   0x00000000       0xe8 VFD/VFD.o
 .text          0x00000000        0x0 e:/atmel/studio/7.0/toolchain/avr8/avr8-gnu-toolchain/bin/../lib/gcc/avr/5.4.0/../../../../avr/lib/avr6\libm.a(addsf3.o)
 .data          0x00000000        0x0 e:/atmel/studio/7.0/toolchain/avr8/avr8-gnu-toolchain/bin/../lib/gcc/avr/5.4.0/../../../../avr/lib/avr6\libm.a(addsf3.o)
 .bss           0x00000000        0x0 e:/atmel/studio/7.0/toolchain/avr8/avr8-gnu-toolchain/bin/../lib/gcc/avr/5.4.0/../../../../avr/lib/avr6\libm.a(addsf3.o)
 .text          0x00000000        0x0 e:/atmel/studio/7.0/toolchain/avr8/avr8-gnu-toolchain/bin/../lib/gcc/avr/5.4.0/../../../../avr/lib/avr6\libm.a(addsf3x.o)
 .data          0x00000000        0x0 e:/atmel/studio/7.0/toolchain/avr8/avr8-gnu-toolchain/bin/../lib/gcc/avr/5.4.0/../../../../avr/lib/avr6\libm.a(addsf3x.o)
 .bss           0x00000000        0x0 e:/atmel/studio/7.0/toolchain/avr8/avr8-gnu-toolchain/bin/../lib/gcc/avr/5.4.0/../../../../avr/lib/avr6\libm.a(addsf3x.o)
 .text          0x00000000        0x0 e:/atmel/studio/7.0/toolchain/avr8/avr8-gnu-toolchain/bin/../lib/gcc/avr/5.4.0/../../../../avr/lib/avr6\libm.a(cmpsf2.o)
 .data          0x00000000        0x0 e:/atmel/studio/7.0/toolchain/avr8/avr8-gnu-toolchain/bin/../lib/gcc/avr/5.4.0/../../../../avr/lib/avr6\libm.a(cmpsf2.o)
 .bss           0x00000000        0x0 e:/atmel/studio/7.0/toolchain/avr8/avr8-gnu-toolchain/bin/../lib/gcc/avr/5.4.0/../../../../avr/lib/avr6\libm.a(cmpsf2.o)
 .text          0x00000000        0x0 e:/atmel/studio/7.0/toolchain/avr8/avr8-gnu-toolchain/bin/../lib/gcc/avr/5.4.0/../../../../avr/lib/avr6\libm.a(divsf3.o)
 .data          0x00000000        0x0 e:/atmel/studio/7.0/toolchain/avr8/avr8-gnu-toolchain/bin/../lib/gcc/avr/5.4.0/../../../../avr/lib/avr6\libm.a(divsf3.o)
 .bss           0x00000000        0x0 e:/atmel/studio/7.0/toolchain/avr8/avr8-gnu-toolchain/bin/../lib/gcc/avr/5.4.0/../../../../avr/lib/avr6\libm.a(divsf3.o)
 .text          0x00000000        0x0 e:/atmel/studio/7.0/toolchain/avr8/avr8-gnu-toolchain/bin/../lib/gcc/avr/5.4.0/../../../../avr/lib/avr6\libm.a(divsf3x.o)
 .data          0x00000000        0x0 e:/atmel/studio/7.0/toolchain/avr8/avr8-gnu-toolchain/bin/../lib/gcc/avr/5.4.0/../../../../avr/lib/avr6\libm.a(divsf3x.o)
 .bss           0x00000000        0x0 e:/atmel/studio/7.0/toolchain/avr8/avr8-gnu-toolchain/bin/../lib/gcc/avr/5.4.0/../../../../avr/lib/avr6\libm.a(divsf3x.o)
 .text          0x00000000        0x0 e:/atmel/studio/7.0/toolchain/avr8/avr8-gnu-toolchain/bin/../lib/gcc/avr/5.4.0/../../../../avr/lib/avr6\libm.a(fixsfsi.o)
 .data          0x00000000        0x0 e:/atmel/studio/7.0/toolchain/avr8/avr8-gnu-toolchain/bin/../lib/gcc/avr/5.4.0/../../../../avr/lib/avr6\libm.a(fixsfsi.o)
 .bss           0x00000000        0x0 e:/atmel/studio/7.0/toolchain/avr8/avr8-gnu-toolchain/bin/../lib/gcc/avr/5.4.0/../../../../avr/lib/avr6\libm.a(fixsfsi.o)
 .text          0x00000000        0x0 e:/atmel/studio/7.0/toolchain/avr8/avr8-gnu-toolchain/bin/../lib/gcc/avr/5.4.0/../../../../avr/lib/avr6\libm.a(fixunssfsi.o)
 .data          0x00000000        0x0 e:/atmel/studio/7.0/toolchain/avr8/avr8-gnu-toolchain/bin/../lib/gcc/avr/5.4.0/../../../../avr/lib/avr6\libm.a(fixunssfsi.o)
 .bss           0x00000000        0x0 e:/atmel/studio/7.0/toolchain/avr8/avr8-gnu-toolchain/bin/../lib/gcc/avr/5.4.0/../../../../avr/lib/avr6\libm.a(fixunssfsi.o)
 .text          0x00000000        0x0 e:/atmel/studio/7.0/toolchain/avr8/avr8-gnu-toolchain/bin/../lib/gcc/avr/5.4.0/../../../../avr/lib/avr6\libm.a(floatsisf.o)
 .data          0x00000000        0x0 e:/atmel/studio/7.0/toolchain/avr8/avr8-gnu-toolchain/bin/../lib/gcc/avr/5.4.0/../../../../avr/lib/avr6\libm.a(floatsisf.o)
 .bss           0x00000000        0x0 e:/atmel/studio/7.0/toolchain/avr8/avr8-gnu-toolchain/bin/../lib/gcc/avr/5.4.0/../../../../avr/lib/avr6\libm.a(floatsisf.o)
 .text          0x00000000        0x0 e:/atmel/studio/7.0/toolchain/avr8/avr8-gnu-toolchain/bin/../lib/gcc/avr/5.4.0/../../../../avr/lib/avr6\libm.a(fp_cmp.o)
 .data          0x00000000        0x0 e:/atmel/studio/7.0/toolchain/avr8/avr8-gnu-toolchain/bin/../lib/gcc/avr/5.4.0/../../../../avr/lib/avr6\libm.a(fp_cmp.o)
 .bss           0x00000000        0x0 e:/atmel/studio/7.0/toolchain/avr8/avr8-gnu-toolchain/bin/../lib/gcc/avr/5.4.0/../../../../avr/lib/avr6\libm.a(fp_cmp.o)
 .text          0x00000000        0x0 e:/atmel/studio/7.0/toolchain/avr8/avr8-gnu-toolchain/bin/../lib/gcc/avr/5.4.0/../../../../avr/lib/avr6\libm.a(fp_inf.o)
 .data          0x00000000        0x0 e:/atmel/studio/7.0/toolchain/avr8/avr8-gnu-toolchain/bin/../lib/gcc/avr/5.4.0/../../../../avr/lib/avr6\libm.a(fp_inf.o)
 .bss           0x00000000        0x0 e:/atmel/studio/7.0/toolchain/avr8/avr8-gnu-toolchain/bin/../lib/gcc/avr/5.4.0/../../../../avr/lib/avr6\libm.a(fp_inf.o)
 .text          0x00000000        0x0 e:/atmel/studio/7.0/toolchain/avr8/avr8-gnu-toolchain/bin/../lib/gcc/avr/5.4.0/../../../../avr/lib/avr6\libm.a(fp_nan.o)
 .data          0x00000000        0x0 e:/atmel/studio/7.0/toolchain/avr8/avr8-gnu-toolchain/bin/../lib/gcc/avr/5.4.0/../../../../avr/lib/avr6\libm.a(fp_nan.o)
 .bss           0x00000000        0x0 e:/atmel/studio/7.0/toolchain/avr8/avr8-gnu-toolchain/bin/../lib/gcc/avr/5.4.0/../../../../avr/lib/avr6\libm.a(fp_nan.o)
 .text          0x00000000        0x0 e:/atmel/studio/7.0/toolchain/avr8/avr8-gnu-toolchain/bin/../lib/gcc/avr/5.4.0/../../../../avr/lib/avr6\libm.a(fp_pscA.o)
 .data          0x00000000        0x0 e:/atmel/studio/7.0/toolchain/avr8/avr8-gnu-toolchain/bin/../lib/gcc/avr/5.4.0/../../../../avr/lib/avr6\libm.a(fp_pscA.o)
 .bss           0x00000000        0x0 e:/atmel/studio/7.0/toolchain/avr8/avr8-gnu-toolchain/bin/../lib/gcc/avr/5.4.0/../../../../avr/lib/avr6\libm.a(fp_pscA.o)
 .text          0x00000000        0x0 e:/atmel/studio/7.0/toolchain/avr8/avr8-gnu-toolchain/bin/../lib/gcc/avr/5.4.0/../../../../avr/lib/avr6\libm.a(fp_pscB.o)
 .data          0x00000000        0x0 e:/atmel/studio/7.0/toolchain/avr8/avr8-gnu-toolchain/bin/../lib/gcc/avr/5.4.0/../../../../avr/lib/avr6\libm.a(fp_pscB.o)
 .bss           0x00000000        0x0 e:/atmel/studio/7.0/toolchain/avr8/avr8-gnu-toolchain/bin/../lib/gcc/avr/5.4.0/../../../../avr/lib/avr6\libm.a(fp_pscB.o)
 .text          0x00000000        0x0 e:/atmel/studio/7.0/toolchain/avr8/avr8-gnu-toolchain/bin/../lib/gcc/avr/5.4.0/../../../../avr/lib/avr6\libm.a(fp_round.o)
 .data          0x00000000        0x0 e:/atmel/studio/7.0/toolchain/avr8/avr8-gnu-toolchain/bin/../lib/gcc/avr/5.4.0/../../../../avr/lib/avr6\libm.a(fp_round.o)
 .bss           0x00000000        0x0 e:/atmel/studio/7.0/toolchain/avr8/avr8-gnu-toolchain/bin/../lib/gcc/avr/5.4.0/../../../../avr/lib/avr6\libm.a(fp_round.o)
 .text          0x00000000        0x0 e:/atmel/studio/7.0/toolchain/avr8/avr8-gnu-toolchain/bin/../lib/gcc/avr/5.4.0/../../../../avr/lib/avr6\libm.a(fp_split3.o)
 .data          0x00000000        0x0 e:/atmel/studio/7.0/toolchain/avr8/avr8-gnu-toolchain/bin/../lib/gcc/avr/5.4.0/../../../../avr/lib/avr6\libm.a(fp_split3.o)
 .bss           0x00000000        0x0 e:/atmel/studio/7.0/toolchain/avr8/avr8-gnu-toolchain/bin/../lib/gcc/avr/5.4.0/../../../../avr/lib/avr6\libm.a(fp_split3.o)
 .text          0x00000000        0x0 e:/atmel/studio/7.0/toolchain/avr8/avr8-gnu-toolchain/bin/../lib/gcc/avr/5.4.0/../../../../avr/lib/avr6\libm.a(fp_zero.o)
 .data          0x00000000        0x0 e:/atmel/studio/7.0/toolchain/avr8/avr8-gnu-toolchain/bin/../lib/gcc/avr/5.4.0/../../../../avr/lib/avr6\libm.a(fp_zero.o)
 .bss           0x00000000        0x0 e:/atmel/studio/7.0/toolchain/avr8/avr8-gnu-toolchain/bin/../lib/gcc/avr/5.4.0/../../../../avr/lib/avr6\libm.a(fp_zero.o)
 .text          0x00000000        0x0 e:/atmel/studio/7.0/toolchain/avr8/avr8-gnu-toolchain/bin/../lib/gcc/avr/5.4.0/../../../../avr/lib/avr6\libm.a(gesf2.o)
 .data          0x00000000        0x0 e:/atmel/studio/7.0/toolchain/avr8/avr8-gnu-toolchain/bin/../lib/gcc/avr/5.4.0/../../../../avr/lib/avr6\libm.a(gesf2.o)
 .bss           0x00000000        0x0 e:/atmel/studio/7.0/toolchain/avr8/avr8-gnu-toolchain/bin/../lib/gcc/avr/5.4.0/../../../../avr/lib/avr6\libm.a(gesf2.o)
 .text          0x00000000        0x0 e:/atmel/studio/7.0/toolchain/avr8/avr8-gnu-toolchain/bin/../lib/gcc/avr/5.4.0/../../../../avr/lib/avr6\libm.a(mulsf3.o)
 .data          0x00000000        0x0 e:/atmel/studio/7.0/toolchain/avr8/avr8-gnu-toolchain/bin/../lib/gcc/avr/5.4.0/../../../../avr/lib/avr6\libm.a(mulsf3.o)
 .bss           0x00000000        0x0 e:/atmel/studio/7.0/toolchain/avr8/avr8-gnu-toolchain/bin/../lib/gcc/avr/5.4.0/../../../../avr/lib/avr6\libm.a(mulsf3.o)
 .text          0x00000000        0x0 e:/atmel/studio/7.0/toolchain/avr8/avr8-gnu-toolchain/bin/../lib/gcc/avr/5.4.0/../../../../avr/lib/avr6\libm.a(mulsf3x.o)
 .data          0x00000000        0x0 e:/atmel/studio/7.0/toolchain/avr8/avr8-gnu-toolchain/bin/../lib/gcc/avr/5.4.0/../../../../avr/lib/avr6\libm.a(mulsf3x.o)
 .bss           0x00000000        0x0 e:/atmel/studio/7.0/toolchain/avr8/avr8-gnu-toolchain/bin/../lib/gcc/avr/5.4.0/../../../../avr/lib/avr6\libm.a(mulsf3x.o)
 .text          0x00000000        0x0 e:/atmel/studio/7.0/toolchain/avr8/avr8-gnu-toolchain/bin/../lib/gcc/avr/5.4.0/avr6\libgcc.a(_divmodhi4.o)
 .data          0x00000000        0x0 e:/atmel/studio/7.0/toolchain/avr8/avr8-gnu-toolchain/bin/../lib/gcc/avr/5.4.0/avr6\libgcc.a(_divmodhi4.o)
 .bss           0x00000000        0x0 e:/atmel/studio/7.0/toolchain/avr8/avr8-gnu-toolchain/bin/../lib/gcc/avr/5.4.0/avr6\libgcc.a(_divmodhi4.o)
 .text.libgcc.mul
                0x00000000        0x0 e:/atmel/studio/7.0/toolchain/avr8/avr8-gnu-toolchain/bin/../lib/gcc/avr/5.4.0/avr6\libgcc.a(_divmodhi4.o)
 .text.libgcc   0x00000000        0x0 e:/atmel/studio/7.0/toolchain/avr8/avr8-gnu-toolchain/bin/../lib/gcc/avr/5.4.0/avr6\libgcc.a(_divmodhi4.o)
 .text.libgcc.prologue
                0x00000000        0x0 e:/atmel/studio/7.0/toolchain/avr8/avr8-gnu-toolchain/bin/../lib/gcc/avr/5.4.0/avr6\libgcc.a(_divmodhi4.o)
 .text.libgcc.builtins
                0x00000000        0x0 e:/atmel/studio/7.0/toolchain/avr8/avr8-gnu-toolchain/bin/../lib/gcc/avr/5.4.0/avr6\libgcc.a(_divmodhi4.o)
 .text.libgcc.fmul
                0x00000000        0x0 e:/atmel/studio/7.0/toolchain/avr8/avr8-gnu-toolchain/bin/../lib/gcc/avr/5.4.0/avr6\libgcc.a(_divmodhi4.o)
 .text.libgcc.fixed
                0x00000000        0x0 e:/atmel/studio/7.0/toolchain/avr8/avr8-gnu-toolchain/bin/../lib/gcc/avr/5.4.0/avr6\libgcc.a(_divmodhi4.o)
 .text          0x00000000        0x0 e:/atmel/studio/7.0/toolchain/avr8/avr8-gnu-toolchain/bin/../lib/gcc/avr/5.4.0/avr6\libgcc.a(_udivmodsi4.o)
 .data          0x00000000        0x0 e:/atmel/studio/7.0/toolchain/avr8/avr8-gnu-toolchain/bin/../lib/gcc/avr/5.4.0/avr6\libgcc.a(_udivmodsi4.o)
 .bss           0x00000000        0x0 e:/atmel/studio/7.0/toolchain/avr8/avr8-gnu-toolchain/bin/../lib/gcc/avr/5.4.0/avr6\libgcc.a(_udivmodsi4.o)
 .text.libgcc.mul
                0x00000000        0x0 e:/atmel/studio/7.0/toolchain/avr8/avr8-gnu-toolchain/bin/../lib/gcc/avr/5.4.0/avr6\libgcc.a(_udivmodsi4.o)
 .text.libgcc   0x00000000        0x0 e:/atmel/studio/7.0/toolchain/avr8/avr8-gnu-toolchain/bin/../lib/gcc/avr/5.4.0/avr6\libgcc.a(_udivmodsi4.o)
 .text.libgcc.prologue
                0x00000000        0x0 e:/atmel/studio/7.0/toolchain/avr8/avr8-gnu-toolchain/bin/../lib/gcc/avr/5.4.0/avr6\libgcc.a(_udivmodsi4.o)
 .text.libgcc.builtins
                0x00000000        0x0 e:/atmel/studio/7.0/toolchain/avr8/avr8-gnu-toolchain/bin/../lib/gcc/avr/5.4.0/avr6\libgcc.a(_udivmodsi4.o)
 .text.libgcc.fmul
                0x00000000        0x0 e:/atmel/studio/7.0/toolchain/avr8/avr8-gnu-toolchain/bin/../lib/gcc/avr/5.4.0/avr6\libgcc.a(_udivmodsi4.o)
 .text.libgcc.fixed
                0x00000000        0x0 e:/atmel/studio/7.0/toolchain/avr8/avr8-gnu-toolchain/bin/../lib/gcc/avr/5.4.0/avr6\libgcc.a(_udivmodsi4.o)
 .text          0x00000000        0x0 e:/atmel/studio/7.0/toolchain/avr8/avr8-gnu-toolchain/bin/../lib/gcc/avr/5.4.0/avr6\libgcc.a(_exit.o)
 .data          0x00000000        0x0 e:/atmel/studio/7.0/toolchain/avr8/avr8-gnu-toolchain/bin/../lib/gcc/avr/5.4.0/avr6\libgcc.a(_exit.o)
 .bss           0x00000000        0x0 e:/atmel/studio/7.0/toolchain/avr8/avr8-gnu-toolchain/bin/../lib/gcc/avr/5.4.0/avr6\libgcc.a(_exit.o)
 .text.libgcc.mul
                0x00000000        0x0 e:/atmel/studio/7.0/toolchain/avr8/avr8-gnu-toolchain/bin/../lib/gcc/avr/5.4.0/avr6\libgcc.a(_exit.o)
 .text.libgcc.div
                0x00000000        0x0 e:/atmel/studio/7.0/toolchain/avr8/avr8-gnu-toolchain/bin/../lib/gcc/avr/5.4.0/avr6\libgcc.a(_exit.o)
 .text.libgcc   0x00000000        0x0 e:/atmel/studio/7.0/toolchain/avr8/avr8-gnu-toolchain/bin/../lib/gcc/avr/5.4.0/avr6\libgcc.a(_exit.o)
 .text.libgcc.prologue
                0x00000000        0x0 e:/atmel/studio/7.0/toolchain/avr8/avr8-gnu-toolchain/bin/../lib/gcc/avr/5.4.0/avr6\libgcc.a(_exit.o)
 .text.libgcc.builtins
                0x00000000        0x0 e:/atmel/studio/7.0/toolchain/avr8/avr8-gnu-toolchain/bin/../lib/gcc/avr/5.4.0/avr6\libgcc.a(_exit.o)
 .text.libgcc.fmul
                0x00000000        0x0 e:/atmel/studio/7.0/toolchain/avr8/avr8-gnu-toolchain/bin/../lib/gcc/avr/5.4.0/avr6\libgcc.a(_exit.o)
 .text.libgcc.fixed
                0x00000000        0x0 e:/atmel/studio/7.0/toolchain/avr8/avr8-gnu-toolchain/bin/../lib/gcc/avr/5.4.0/avr6\libgcc.a(_exit.o)
 .text          0x00000000        0x0 e:/atmel/studio/7.0/toolchain/avr8/avr8-gnu-toolchain/bin/../lib/gcc/avr/5.4.0/avr6\libgcc.a(_copy_data.o)
 .data          0x00000000        0x0 e:/atmel/studio/7.0/toolchain/avr8/avr8-gnu-toolchain/bin/../lib/gcc/avr/5.4.0/avr6\libgcc.a(_copy_data.o)
 .bss           0x00000000        0x0 e:/atmel/studio/7.0/toolchain/avr8/avr8-gnu-toolchain/bin/../lib/gcc/avr/5.4.0/avr6\libgcc.a(_copy_data.o)
 .text.libgcc.mul
                0x00000000        0x0 e:/atmel/studio/7.0/toolchain/avr8/avr8-gnu-toolchain/bin/../lib/gcc/avr/5.4.0/avr6\libgcc.a(_copy_data.o)
 .text.libgcc.div
                0x00000000        0x0 e:/atmel/studio/7.0/toolchain/avr8/avr8-gnu-toolchain/bin/../lib/gcc/avr/5.4.0/avr6\libgcc.a(_copy_data.o)
 .text.libgcc   0x00000000        0x0 e:/atmel/studio/7.0/toolchain/avr8/avr8-gnu-toolchain/bin/../lib/gcc/avr/5.4.0/avr6\libgcc.a(_copy_data.o)
 .text.libgcc.prologue
                0x00000000        0x0 e:/atmel/studio/7.0/toolchain/avr8/avr8-gnu-toolchain/bin/../lib/gcc/avr/5.4.0/avr6\libgcc.a(_copy_data.o)
 .text.libgcc.builtins
                0x00000000        0x0 e:/atmel/studio/7.0/toolchain/avr8/avr8-gnu-toolchain/bin/../lib/gcc/avr/5.4.0/avr6\libgcc.a(_copy_data.o)
 .text.libgcc.fmul
                0x00000000        0x0 e:/atmel/studio/7.0/toolchain/avr8/avr8-gnu-toolchain/bin/../lib/gcc/avr/5.4.0/avr6\libgcc.a(_copy_data.o)
 .text.libgcc.fixed
                0x00000000        0x0 e:/atmel/studio/7.0/toolchain/avr8/avr8-gnu-toolchain/bin/../lib/gcc/avr/5.4.0/avr6\libgcc.a(_copy_data.o)
 .text          0x00000000        0x0 e:/atmel/studio/7.0/toolchain/avr8/avr8-gnu-toolchain/bin/../lib/gcc/avr/5.4.0/avr6\libgcc.a(_clear_bss.o)
 .data          0x00000000        0x0 e:/atmel/studio/7.0/toolchain/avr8/avr8-gnu-toolchain/bin/../lib/gcc/avr/5.4.0/avr6\libgcc.a(_clear_bss.o)
 .bss           0x00000000        0x0 e:/atmel/studio/7.0/toolchain/avr8/avr8-gnu-toolchain/bin/../lib/gcc/avr/5.4.0/avr6\libgcc.a(_clear_bss.o)
 .text.libgcc.mul
                0x00000000        0x0 e:/atmel/studio/7.0/toolchain/avr8/avr8-gnu-toolchain/bin/../lib/gcc/avr/5.4.0/avr6\libgcc.a(_clear_bss.o)
 .text.libgcc.div
                0x00000000        0x0 e:/atmel/studio/7.0/toolchain/avr8/avr8-gnu-toolchain/bin/../lib/gcc/avr/5.4.0/avr6\libgcc.a(_clear_bss.o)
 .text.libgcc   0x00000000        0x0 e:/atmel/studio/7.0/toolchain/avr8/avr8-gnu-toolchain/bin/../lib/gcc/avr/5.4.0/avr6\libgcc.a(_clear_bss.o)
 .text.libgcc.prologue
                0x00000000        0x0 e:/atmel/studio/7.0/toolchain/avr8/avr8-gnu-toolchain/bin/../lib/gcc/avr/5.4.0/avr6\libgcc.a(_clear_bss.o)
 .text.libgcc.builtins
                0x00000000        0x0 e:/atmel/studio/7.0/toolchain/avr8/avr8-gnu-toolchain/bin/../lib/gcc/avr/5.4.0/avr6\libgcc.a(_clear_bss.o)
 .text.libgcc.fmul
                0x00000000        0x0 e:/atmel/studio/7.0/toolchain/avr8/avr8-gnu-toolchain/bin/../lib/gcc/avr/5.4.0/avr6\libgcc.a(_clear_bss.o)
 .text.libgcc.fixed
                0x00000000        0x0 e:/atmel/studio/7.0/toolchain/avr8/avr8-gnu-toolchain/bin/../lib/gcc/avr/5.4.0/avr6\libgcc.a(_clear_bss.o)
 .text          0x00000000        0x0 e:/atmel/studio/7.0/toolchain/avr8/avr8-gnu-toolchain/bin/../lib/gcc/avr/5.4.0/avr6\libgcc.a(_umulhisi3.o)
 .data          0x00000000        0x0 e:/atmel/studio/7.0/toolchain/avr8/avr8-gnu-toolchain/bin/../lib/gcc/avr/5.4.0/avr6\libgcc.a(_umulhisi3.o)
 .bss           0x00000000        0x0 e:/atmel/studio/7.0/toolchain/avr8/avr8-gnu-toolchain/bin/../lib/gcc/avr/5.4.0/avr6\libgcc.a(_umulhisi3.o)
 .text.libgcc.div
                0x00000000        0x0 e:/atmel/studio/7.0/toolchain/avr8/avr8-gnu-toolchain/bin/../lib/gcc/avr/5.4.0/avr6\libgcc.a(_umulhisi3.o)
 .text.libgcc   0x00000000        0x0 e:/atmel/studio/7.0/toolchain/avr8/avr8-gnu-toolchain/bin/../lib/gcc/avr/5.4.0/avr6\libgcc.a(_umulhisi3.o)
 .text.libgcc.prologue
                0x00000000        0x0 e:/atmel/studio/7.0/toolchain/avr8/avr8-gnu-toolchain/bin/../lib/gcc/avr/5.4.0/avr6\libgcc.a(_umulhisi3.o)
 .text.libgcc.builtins
                0x00000000        0x0 e:/atmel/studio/7.0/toolchain/avr8/avr8-gnu-toolchain/bin/../lib/gcc/avr/5.4.0/avr6\libgcc.a(_umulhisi3.o)
 .text.libgcc.fmul
                0x00000000        0x0 e:/atmel/studio/7.0/toolchain/avr8/avr8-gnu-toolchain/bin/../lib/gcc/avr/5.4.0/avr6\libgcc.a(_umulhisi3.o)
 .text.libgcc.fixed
                0x00000000        0x0 e:/atmel/studio/7.0/toolchain/avr8/avr8-gnu-toolchain/bin/../lib/gcc/avr/5.4.0/avr6\libgcc.a(_umulhisi3.o)
 .text          0x00000000        0x0 e:/atmel/studio/7.0/toolchain/avr8/avr8-gnu-toolchain/bin/../lib/gcc/avr/5.4.0/avr6\libgcc.a(_udivmodhi4.o)
 .data          0x00000000        0x0 e:/atmel/studio/7.0/toolchain/avr8/avr8-gnu-toolchain/bin/../lib/gcc/avr/5.4.0/avr6\libgcc.a(_udivmodhi4.o)
 .bss           0x00000000        0x0 e:/atmel/studio/7.0/toolchain/avr8/avr8-gnu-toolchain/bin/../lib/gcc/avr/5.4.0/avr6\libgcc.a(_udivmodhi4.o)
 .text.libgcc.mul
                0x00000000        0x0 e:/atmel/studio/7.0/toolchain/avr8/avr8-gnu-toolchain/bin/../lib/gcc/avr/5.4.0/avr6\libgcc.a(_udivmodhi4.o)
 .text.libgcc   0x00000000        0x0 e:/atmel/studio/7.0/toolchain/avr8/avr8-gnu-toolchain/bin/../lib/gcc/avr/5.4.0/avr6\libgcc.a(_udivmodhi4.o)
 .text.libgcc.prologue
                0x00000000        0x0 e:/atmel/studio/7.0/toolchain/avr8/avr8-gnu-toolchain/bin/../lib/gcc/avr/5.4.0/avr6\libgcc.a(_udivmodhi4.o)
 .text.libgcc.builtins
                0x00000000        0x0 e:/atmel/studio/7.0/toolchain/avr8/avr8-gnu-toolchain/bin/../lib/gcc/avr/5.4.0/avr6\libgcc.a(_udivmodhi4.o)
 .text.libgcc.fmul
                0x00000000        0x0 e:/atmel/studio/7.0/toolchain/avr8/avr8-gnu-toolchain/bin/../lib/gcc/avr/5.4.0/avr6\libgcc.a(_udivmodhi4.o)
 .text.libgcc.fixed
                0x00000000        0x0 e:/atmel/studio/7.0/toolchain/avr8/avr8-gnu-toolchain/bin/../lib/gcc/avr/5.4.0/avr6\libgcc.a(_udivmodhi4.o)
 .text          0x00000000        0x0 e:/atmel/studio/7.0/toolchain/avr8/avr8-gnu-toolchain/bin/../lib/gcc/avr/5.4.0/../../../../avr/lib/avr6\libc.a(malloc.o)
 .bss           0x00000000        0x0 e:/atmel/studio/7.0/toolchain/avr8/avr8-gnu-toolchain/bin/../lib/gcc/avr/5.4.0/../../../../avr/lib/avr6\libc.a(malloc.o)
 .text          0x00000000        0x0 e:/atmel/studio/7.0/toolchain/avr8/avr8-gnu-toolchain/bin/../lib/gcc/avr/5.4.0/../../../../avr/lib/avr6\libc.a(isblank.o)
 .data          0x00000000        0x0 e:/atmel/studio/7.0/toolchain/avr8/avr8-gnu-toolchain/bin/../lib/gcc/avr/5.4.0/../../../../avr/lib/avr6\libc.a(isblank.o)
 .bss           0x00000000        0x0 e:/atmel/studio/7.0/toolchain/avr8/avr8-gnu-toolchain/bin/../lib/gcc/avr/5.4.0/../../../../avr/lib/avr6\libc.a(isblank.o)
 .text          0x00000000        0x0 e:/atmel/studio/7.0/toolchain/avr8/avr8-gnu-toolchain/bin/../lib/gcc/avr/5.4.0/../../../../avr/lib/avr6\libc.a(memcmp.o)
 .data          0x00000000        0x0 e:/atmel/studio/7.0/toolchain/avr8/avr8-gnu-toolchain/bin/../lib/gcc/avr/5.4.0/../../../../avr/lib/avr6\libc.a(memcmp.o)
 .bss           0x00000000        0x0 e:/atmel/studio/7.0/toolchain/avr8/avr8-gnu-toolchain/bin/../lib/gcc/avr/5.4.0/../../../../avr/lib/avr6\libc.a(memcmp.o)
 .text.avr-libc
                0x00000000       0x1a e:/atmel/studio/7.0/toolchain/avr8/avr8-gnu-toolchain/bin/../lib/gcc/avr/5.4.0/../../../../avr/lib/avr6\libc.a(memcmp.o)
 .text          0x00000000        0x0 e:/atmel/studio/7.0/toolchain/avr8/avr8-gnu-toolchain/bin/../lib/gcc/avr/5.4.0/../../../../avr/lib/avr6\libc.a(memcpy.o)
 .data          0x00000000        0x0 e:/atmel/studio/7.0/toolchain/avr8/avr8-gnu-toolchain/bin/../lib/gcc/avr/5.4.0/../../../../avr/lib/avr6\libc.a(memcpy.o)
 .bss           0x00000000        0x0 e:/atmel/studio/7.0/toolchain/avr8/avr8-gnu-toolchain/bin/../lib/gcc/avr/5.4.0/../../../../avr/lib/avr6\libc.a(memcpy.o)
 .text.avr-libc
                0x00000000       0x12 e:/atmel/studio/7.0/toolchain/avr8/avr8-gnu-toolchain/bin/../lib/gcc/avr/5.4.0/../../../../avr/lib/avr6\libc.a(memcpy.o)
 .text          0x00000000        0x0 e:/atmel/studio/7.0/toolchain/avr8/avr8-gnu-toolchain/bin/../lib/gcc/avr/5.4.0/../../../../avr/lib/avr6\libc.a(cty_isfalse.o)
 .data          0x00000000        0x0 e:/atmel/studio/7.0/toolchain/avr8/avr8-gnu-toolchain/bin/../lib/gcc/avr/5.4.0/../../../../avr/lib/avr6\libc.a(cty_isfalse.o)
 .bss           0x00000000        0x0 e:/atmel/studio/7.0/toolchain/avr8/avr8-gnu-toolchain/bin/../lib/gcc/avr/5.4.0/../../../../avr/lib/avr6\libc.a(cty_isfalse.o)

Memory Configuration

Name             Origin             Length             Attributes
text             0x00000000         0x00100000         xr
data             0x00800200         0x0000fe00         rw !x
eeprom           0x00810000         0x00010000         rw !x
fuse             0x00820000         0x00000003         rw !x
lock             0x00830000         0x00000400         rw !x
signature        0x00840000         0x00000400         rw !x
user_signatures  0x00850000         0x00000400         rw !x
*default*        0x00000000         0xffffffff

Linker script and memory map

Address of section .data set to 0x800200
LOAD E:/Atmel/Studio/7.0/Packs/atmel/ATmega_DFP/1.3.300/gcc/dev/atmega2560/avr6/crtatmega2560.o
LOAD ADC/ADC_PROG.o
LOAD Control/Control.o
LOAD DIO/DIO_PROG.o
LOAD EasyComm/EasyComm.o
LOAD Encoder_program.o
LOAD INT/INT_PROG.o
LOAD main.o
LOAD PWMD/PWMD.o
LOAD TIM/TIM_PROG.o
LOAD UART_program.o
LOAD USART/USART_PROG.o
LOAD VFD/VFD.o
START GROUP
LOAD e:/atmel/studio/7.0/toolchain/avr8/avr8-gnu-toolchain/bin/../lib/gcc/avr/5.4.0/../../../../avr/lib/avr6\libm.a
END GROUP
START GROUP
LOAD e:/atmel/studio/7.0/toolchain/avr8/avr8-gnu-toolchain/bin/../lib/gcc/avr/5.4.0/avr6\libgcc.a
LOAD e:/atmel/studio/7.0/toolchain/avr8/avr8-gnu-toolchain/bin/../lib/gcc/avr/5.4.0/../../../../avr/lib/avr6\libm.a
LOAD e:/atmel/studio/7.0/toolchain/avr8/avr8-gnu-toolchain/bin/../lib/gcc/avr/5.4.0/../../../../avr/lib/avr6\libc.a
LOAD E:/Atmel/Studio/7.0/Packs/atmel/ATmega_DFP/1.3.300/gcc/dev/atmega2560/avr6\libatmega2560.a
END GROUP
                0x00000000                __TEXT_REGION_ORIGIN__ = DEFINED (__TEXT_REGION_ORIGIN__)?__TEXT_REGION_ORIGIN__:0x0
                0x00800200                __DATA_REGION_ORIGIN__ = DEFINED (__DATA_REGION_ORIGIN__)?__DATA_REGION_ORIGIN__:0x800200
                0x00100000                __TEXT_REGION_LENGTH__ = DEFINED (__TEXT_REGION_LENGTH__)?__TEXT_REGION_LENGTH__:0x100000
                0x0000fe00                __DATA_REGION_LENGTH__ = DEFINED (__DATA_REGION_LENGTH__)?__DATA_REGION_LENGTH__:0xfe00
                0x00010000                __EEPROM_REGION_LENGTH__ = DEFINED (__EEPROM_REGION_LENGTH__)?__EEPROM_REGION_LENGTH__:0x10000
                [0x00000003]                __FUSE_REGION_LENGTH__ = DEFINED (__FUSE_REGION_LENGTH__)?__FUSE_REGION_LENGTH__:0x400
                0x00000400                __LOCK_REGION_LENGTH__ = DEFINED (__LOCK_REGION_LENGTH__)?__LOCK_REGION_LENGTH__:0x400
                0x00000400                __SIGNATURE_REGION_LENGTH__ = DEFINED (__SIGNATURE_REGION_LENGTH__)?__SIGNATURE_REGION_LENGTH__:0x400
                0x00000400                __USER_SIGNATURE_REGION_LENGTH__ = DEFINED (__USER_SIGNATURE_REGION_LENGTH__)?__USER_SIGNATURE_REGION_LENGTH__:0x400

.hash
 *(.hash)

.dynsym
 *(.dynsym)

.dynstr
 *(.dynstr)

.gnu.version
 *(.gnu.version)

.gnu.version_d
 *(.gnu.version_d)

.gnu.version_r
 *(.gnu.version_r)

.rel.init
 *(.rel.init)

.rela.init
 *(.rela.init)

.rel.text
 *(.rel.text)
 *(.rel.text.*)
 *(.rel.gnu.linkonce.t*)

.rela.text
 *(.rela.text)
 *(.rela.text.*)
 *(.rela.gnu.linkonce.t*)

.rel.fini
 *(.rel.fini)

.rela.fini
 *(.rela.fini)

.rel.rodata
 *(.rel.rodata)
 *(.rel.rodata.*)
 *(.rel.gnu.linkonce.r*)

.rela.rodata
 *(.rela.rodata)
 *(.rela.rodata.*)
 *(.rela.gnu.linkonce.r*)

.rel.data
 *(.rel.data)
 *(.rel.data.*)
 *(.rel.gnu.linkonce.d*)

.rela.data
 *(.rela.data)
 *(.rela.data.*)
 *(.rela.gnu.linkonce.d*)

.rel.ctors
 *(.rel.ctors)

.rela.ctors
 *(.rela.ctors)

.rel.dtors
 *(.rel.dtors)

.rela.dtors
 *(.rela.dtors)

.rel.got
 *(.rel.got)

.rela.got
 *(.rela.got)

.rel.bss
 *(.rel.bss)

.rela.bss
 *(.rela.bss)

.rel.plt
 *(.rel.plt)

.rela.plt
 *(.rela.plt)

.text           0x00000000     0x4b84
 *(.vectors)
 .vectors       0x00000000       0xe4 E:/Atmel/Studio/7.0/Packs/atmel/ATmega_DFP/1.3.300/gcc/dev/atmega2560/avr6/crtatmega2560.o
                0x00000000                __vector_default
                0x00000000                __vectors
 *(.vectors)
 *(.progmem.gcc*)
                0x000000e4                . = ALIGN (0x2)
                0x000000e4                __trampolines_start = .
 *(.trampolines)
 .trampolines   0x000000e4        0x0 linker stubs
 *(.trampolines*)
                0x000000e4                __trampolines_end = .
 *libprintf_flt.a:*(.progmem.data)
 *libc.a:*(.progmem.data)
 *(.progmem*)
                0x000000e4                . = ALIGN (0x2)
 *(.jumptables)
 *(.jumptables*)
 *(.lowtext)
 *(.lowtext*)
                0x000000e4                __ctors_start = .
 *(.ctors)
                0x000000e4                __ctors_end = .
                0x000000e4                __dtors_start = .
 *(.dtors)
                0x000000e4                __dtors_end = .
 SORT(*)(.ctors)
 SORT(*)(.dtors)
 *(.init0)
 .init0         0x000000e4        0x0 E:/Atmel/Studio/7.0/Packs/atmel/ATmega_DFP/1.3.300/gcc/dev/atmega2560/avr6/crtatmega2560.o
                0x000000e4                __init
 *(.init0)
 *(.init1)
 *(.init1)
 *(.init2)
 .init2         0x000000e4       0x10 E:/Atmel/Studio/7.0/Packs/atmel/ATmega_DFP/1.3.300/gcc/dev/atmega2560/avr6/crtatmega2560.o
 *(.init2)
 *(.init3)
 *(.init3)
 *(.init4)
 .init4         0x000000f4       0x1a e:/atmel/studio/7.0/toolchain/avr8/avr8-gnu-toolchain/bin/../lib/gcc/avr/5.4.0/avr6\libgcc.a(_copy_data.o)
                0x000000f4                __do_copy_data
 .init4         0x0000010e       0x10 e:/atmel/studio/7.0/toolchain/avr8/avr8-gnu-toolchain/bin/../lib/gcc/avr/5.4.0/avr6\libgcc.a(_clear_bss.o)
                0x0000010e                __do_clear_bss
 *(.init4)
 *(.init5)
 *(.init5)
 *(.init6)
 *(.init6)
 *(.init7)
 *(.init7)
 *(.init8)
 *(.init8)
 *(.init9)
 .init9         0x0000011e        0x8 E:/Atmel/Studio/7.0/Packs/atmel/ATmega_DFP/1.3.300/gcc/dev/atmega2560/avr6/crtatmega2560.o
 *(.init9)
 *(.text)
 .text          0x00000126        0x2 E:/Atmel/Studio/7.0/Packs/atmel/ATmega_DFP/1.3.300/gcc/dev/atmega2560/avr6/crtatmega2560.o
                0x00000126                __vector_24
                0x00000126                __vector_12
                0x00000126                __bad_interrupt
                0x00000126                __vector_39
                0x00000126                __vector_30
                0x00000126                __vector_40
                0x00000126                __vector_28
                0x00000128                . = ALIGN (0x2)
 *(.text.*)
 .text.__vector_29
                0x00000128       0x6e ADC/ADC_PROG.o
                0x00000128                __vector_29
 .text.Control_voidChSetpoint
                0x00000196       0xbc Control/Control.o
                0x00000196                Control_voidChSetpoint
 .text.IO_voidPinMode
                0x00000252       0xb8 DIO/DIO_PROG.o
                0x00000252                IO_voidPinMode
 .text.IO_u8ReadPin
                0x0000030a       0x76 DIO/DIO_PROG.o
                0x0000030a                IO_u8ReadPin
 .text.EasyComm_voidParseCmd
                0x00000380     0x1082 EasyComm/EasyComm.o
                0x00000380                EasyComm_voidParseCmd
 .text.HEncoder_voidSendCommand
                0x00001402       0x50 Encoder_program.o
                0x00001402                HEncoder_voidSendCommand
 .text.HEncoder_voidReadData
                0x00001452       0x7a Encoder_program.o
                0x00001452                HEncoder_voidReadData
 .text.HEncoder_voidInit
                0x000014cc       0x3e Encoder_program.o
                0x000014cc                HEncoder_voidInit
 .text.HEncoder_voidGetPosition
                0x0000150a      0x292 Encoder_program.o
                0x0000150a                HEncoder_voidGetPosition
 .text.HEncoder_voidSendMultiByteCommand
                0x0000179c      0x160 Encoder_program.o
                0x0000179c                HEncoder_voidSendMultiByteCommand
 .text.HEncoder_voidSetOrigin
                0x000018fc       0x80 Encoder_program.o
                0x000018fc                HEncoder_voidSetOrigin
 .text.HEncoder_voidReset
                0x0000197c      0x15a Encoder_program.o
                0x0000197c                HEncoder_voidReset
 .text.HEncoder_u8CheckSum
                0x00001ad6       0x9c Encoder_program.o
                0x00001ad6                HEncoder_u8CheckSum
 .text.INT_voidGlobEnable
                0x00001b72       0x12 INT/INT_PROG.o
                0x00001b72                INT_voidGlobEnable
 .text.__vector_1
                0x00001b84       0x6e INT/INT_PROG.o
                0x00001b84                __vector_1
 .text.__vector_2
                0x00001bf2       0x6e INT/INT_PROG.o
                0x00001bf2                __vector_2
 .text.__vector_3
                0x00001c60       0x6e INT/INT_PROG.o
                0x00001c60                __vector_3
 .text.__vector_4
                0x00001cce       0x6e INT/INT_PROG.o
                0x00001cce                __vector_4
 .text.__vector_5
                0x00001d3c       0x6e INT/INT_PROG.o
                0x00001d3c                __vector_5
 .text.__vector_6
                0x00001daa       0x6e INT/INT_PROG.o
                0x00001daa                __vector_6
 .text.__vector_7
                0x00001e18       0x6e INT/INT_PROG.o
                0x00001e18                __vector_7
 .text.__vector_8
                0x00001e86       0x6e INT/INT_PROG.o
                0x00001e86                __vector_8
 .text.__vector_9
                0x00001ef4       0x6e INT/INT_PROG.o
                0x00001ef4                __vector_9
 .text.__vector_10
                0x00001f62       0x6e INT/INT_PROG.o
                0x00001f62                __vector_10
 .text.__vector_11
                0x00001fd0       0x6e INT/INT_PROG.o
                0x00001fd0                __vector_11
 .text.main     0x0000203e       0xec main.o
                0x0000203e                main
 .text.PWMD_voidInit
                0x0000212a       0x7a PWMD/PWMD.o
                0x0000212a                PWMD_voidInit
 .text.PWMD_voidRun
                0x000021a4       0x30 PWMD/PWMD.o
                0x000021a4                PWMD_voidRun
 .text.PWMD_voidSetAmp
                0x000021d4       0x36 PWMD/PWMD.o
                0x000021d4                PWMD_voidSetAmp
 .text.PWMD_voidAdvance
                0x0000220a      0x28c PWMD/PWMD.o
                0x0000220a                PWMD_voidAdvance
 .text.TIM_voidTIMConfig
                0x00002496      0x1b8 TIM/TIM_PROG.o
                0x00002496                TIM_voidTIMConfig
 .text.TIM_voidWriteCounter
                0x0000264e       0x9a TIM/TIM_PROG.o
                0x0000264e                TIM_voidWriteCounter
 .text.TIM_voidTIMxIntUnmask
                0x000026e8       0x50 TIM/TIM_PROG.o
                0x000026e8                TIM_voidTIMxIntUnmask
 .text.TIM_voidTIMxSetCallback
                0x00002738      0x256 TIM/TIM_PROG.o
                0x00002738                TIM_voidTIMxSetCallback
 .text.TIM_voidSetCompare
                0x0000298e       0x98 TIM/TIM_PROG.o
                0x0000298e                TIM_voidSetCompare
 .text.__vector_13
                0x00002a26       0x6e TIM/TIM_PROG.o
                0x00002a26                __vector_13
 .text.__vector_14
                0x00002a94       0x6e TIM/TIM_PROG.o
                0x00002a94                __vector_14
 .text.__vector_15
                0x00002b02       0x6e TIM/TIM_PROG.o
                0x00002b02                __vector_15
 .text.__vector_16
                0x00002b70       0x6e TIM/TIM_PROG.o
                0x00002b70                __vector_16
 .text.__vector_17
                0x00002bde       0x6e TIM/TIM_PROG.o
                0x00002bde                __vector_17
 .text.__vector_18
                0x00002c4c       0x6e TIM/TIM_PROG.o
                0x00002c4c                __vector_18
 .text.__vector_19
                0x00002cba       0x6e TIM/TIM_PROG.o
                0x00002cba                __vector_19
 .text.__vector_20
                0x00002d28       0x6e TIM/TIM_PROG.o
                0x00002d28                __vector_20
 .text.__vector_21
                0x00002d96       0x6e TIM/TIM_PROG.o
                0x00002d96                __vector_21
 .text.__vector_22
                0x00002e04       0x6e TIM/TIM_PROG.o
                0x00002e04                __vector_22
 .text.__vector_23
                0x00002e72       0x6e TIM/TIM_PROG.o
                0x00002e72                __vector_23
 .text.__vector_31
                0x00002ee0       0x6e TIM/TIM_PROG.o
                0x00002ee0                __vector_31
 .text.__vector_32
                0x00002f4e       0x6e TIM/TIM_PROG.o
                0x00002f4e                __vector_32
 .text.__vector_33
                0x00002fbc       0x6e TIM/TIM_PROG.o
                0x00002fbc                __vector_33
 .text.__vector_34
                0x0000302a       0x6e TIM/TIM_PROG.o
                0x0000302a                __vector_34
 .text.__vector_35
                0x00003098       0x6e TIM/TIM_PROG.o
                0x00003098                __vector_35
 .text.__vector_41
                0x00003106       0x6e TIM/TIM_PROG.o
                0x00003106                __vector_41
 .text.__vector_42
                0x00003174       0x6e TIM/TIM_PROG.o
                0x00003174                __vector_42
 .text.__vector_43
                0x000031e2       0x6e TIM/TIM_PROG.o
                0x000031e2                __vector_43
 .text.__vector_44
                0x00003250       0x6e TIM/TIM_PROG.o
                0x00003250                __vector_44
 .text.__vector_45
                0x000032be       0x6e TIM/TIM_PROG.o
                0x000032be                __vector_45
 .text.__vector_46
                0x0000332c       0x6e TIM/TIM_PROG.o
                0x0000332c                __vector_46
 .text.__vector_47
                0x0000339a       0x6e TIM/TIM_PROG.o
                0x0000339a                __vector_47
 .text.__vector_48
                0x00003408       0x6e TIM/TIM_PROG.o
                0x00003408                __vector_48
 .text.__vector_49
                0x00003476       0x6e TIM/TIM_PROG.o
                0x00003476                __vector_49
 .text.__vector_50
                0x000034e4       0x6e TIM/TIM_PROG.o
                0x000034e4                __vector_50
 .text.UART_UART_tPtrGetRegisters
                0x00003552       0x72 UART_program.o
                0x00003552                UART_UART_tPtrGetRegisters
 .text.MUART_voidInit
                0x000035c4      0x124 UART_program.o
                0x000035c4                MUART_voidInit
 .text.MUART_voidWriteData
                0x000036e8       0x8e UART_program.o
                0x000036e8                MUART_voidWriteData
 .text.MUART_u16ReadData
                0x00003776       0xf6 UART_program.o
                0x00003776                MUART_u16ReadData
 .text.__vector_25
                0x0000386c       0xec UART_program.o
                0x0000386c                __vector_25
 .text.__vector_27
                0x00003958       0xa0 UART_program.o
                0x00003958                __vector_27
 .text.__vector_26
                0x000039f8       0xa0 UART_program.o
                0x000039f8                __vector_26
 .text.__vector_36
                0x00003a98       0xec UART_program.o
                0x00003a98                __vector_36
 .text.__vector_38
                0x00003b84       0xa0 UART_program.o
                0x00003b84                __vector_38
 .text.__vector_37
                0x00003c24       0xa0 UART_program.o
                0x00003c24                __vector_37
 .text.__vector_51
                0x00003cc4       0xec UART_program.o
                0x00003cc4                __vector_51
 .text.__vector_53
                0x00003db0       0xa0 UART_program.o
                0x00003db0                __vector_53
 .text.__vector_52
                0x00003e50       0xa0 UART_program.o
                0x00003e50                __vector_52
 .text.__vector_54
                0x00003ef0       0xec UART_program.o
                0x00003ef0                __vector_54
 .text.__vector_56
                0x00003fdc       0xa0 UART_program.o
                0x00003fdc                __vector_56
 .text.__vector_55
                0x0000407c       0xa0 UART_program.o
                0x0000407c                __vector_55
 .text.USART_voidConfig
                0x0000411c      0x282 USART/USART_PROG.o
                0x0000411c                USART_voidConfig
 .text.USART_voidTransfer
                0x0000439e       0x5c USART/USART_PROG.o
                0x0000439e                USART_voidTransfer
 .text.USART_u8Receive
                0x000043fa       0x4a USART/USART_PROG.o
                0x000043fa                USART_u8Receive
 .text.avr-libc.fplib
                0x00004444        0xa e:/atmel/studio/7.0/toolchain/avr8/avr8-gnu-toolchain/bin/../lib/gcc/avr/5.4.0/../../../../avr/lib/avr6\libm.a(addsf3.o)
                0x00004444                __subsf3
                0x00004446                __addsf3
 .text.avr-libc.fplib
                0x0000444e       0xc0 e:/atmel/studio/7.0/toolchain/avr8/avr8-gnu-toolchain/bin/../lib/gcc/avr/5.4.0/../../../../avr/lib/avr6\libm.a(addsf3x.o)
                0x00004468                __addsf3x
 .text.avr-libc.fplib
                0x0000450e        0x8 e:/atmel/studio/7.0/toolchain/avr8/avr8-gnu-toolchain/bin/../lib/gcc/avr/5.4.0/../../../../avr/lib/avr6\libm.a(cmpsf2.o)
                0x0000450e                __nesf2
                0x0000450e                __eqsf2
                0x0000450e                __cmpsf2
                0x0000450e                __ltsf2
                0x0000450e                __lesf2
 .text.avr-libc.fplib
                0x00004516        0x4 e:/atmel/studio/7.0/toolchain/avr8/avr8-gnu-toolchain/bin/../lib/gcc/avr/5.4.0/../../../../avr/lib/avr6\libm.a(divsf3.o)
                0x00004516                __divsf3
 .text.avr-libc.fplib
                0x0000451a       0xcc e:/atmel/studio/7.0/toolchain/avr8/avr8-gnu-toolchain/bin/../lib/gcc/avr/5.4.0/../../../../avr/lib/avr6\libm.a(divsf3x.o)
                0x00004530                __divsf3x
                0x00004534                __divsf3_pse
 .text.avr-libc.fplib
                0x000045e6        0xa e:/atmel/studio/7.0/toolchain/avr8/avr8-gnu-toolchain/bin/../lib/gcc/avr/5.4.0/../../../../avr/lib/avr6\libm.a(fixsfsi.o)
                0x000045e6                __fixsfsi
 .text.avr-libc.fplib
                0x000045f0       0x58 e:/atmel/studio/7.0/toolchain/avr8/avr8-gnu-toolchain/bin/../lib/gcc/avr/5.4.0/../../../../avr/lib/avr6\libm.a(fixunssfsi.o)
                0x000045f0                __fixunssfsi
 .text.avr-libc.fplib
                0x00004648       0x7a e:/atmel/studio/7.0/toolchain/avr8/avr8-gnu-toolchain/bin/../lib/gcc/avr/5.4.0/../../../../avr/lib/avr6\libm.a(floatsisf.o)
                0x00004648                __floatunsisf
                0x0000464c                __floatsisf
 .text.avr-libc.fplib
                0x000046c2       0x48 e:/atmel/studio/7.0/toolchain/avr8/avr8-gnu-toolchain/bin/../lib/gcc/avr/5.4.0/../../../../avr/lib/avr6\libm.a(fp_cmp.o)
                0x000046c2                __fp_cmp
 .text.avr-libc.fplib
                0x0000470a        0xc e:/atmel/studio/7.0/toolchain/avr8/avr8-gnu-toolchain/bin/../lib/gcc/avr/5.4.0/../../../../avr/lib/avr6\libm.a(fp_inf.o)
                0x0000470a                __fp_inf
 .text.avr-libc.fplib
                0x00004716        0x6 e:/atmel/studio/7.0/toolchain/avr8/avr8-gnu-toolchain/bin/../lib/gcc/avr/5.4.0/../../../../avr/lib/avr6\libm.a(fp_nan.o)
                0x00004716                __fp_nan
 .text.avr-libc.fplib
                0x0000471c        0xe e:/atmel/studio/7.0/toolchain/avr8/avr8-gnu-toolchain/bin/../lib/gcc/avr/5.4.0/../../../../avr/lib/avr6\libm.a(fp_pscA.o)
                0x0000471c                __fp_pscA
 .text.avr-libc.fplib
                0x0000472a        0xe e:/atmel/studio/7.0/toolchain/avr8/avr8-gnu-toolchain/bin/../lib/gcc/avr/5.4.0/../../../../avr/lib/avr6\libm.a(fp_pscB.o)
                0x0000472a                __fp_pscB
 .text.avr-libc.fplib
                0x00004738       0x22 e:/atmel/studio/7.0/toolchain/avr8/avr8-gnu-toolchain/bin/../lib/gcc/avr/5.4.0/../../../../avr/lib/avr6\libm.a(fp_round.o)
                0x00004738                __fp_round
 .text.avr-libc.fplib
                0x0000475a       0x44 e:/atmel/studio/7.0/toolchain/avr8/avr8-gnu-toolchain/bin/../lib/gcc/avr/5.4.0/../../../../avr/lib/avr6\libm.a(fp_split3.o)
                0x0000475a                __fp_split3
                0x0000476a                __fp_splitA
 .text.avr-libc.fplib
                0x0000479e        0xe e:/atmel/studio/7.0/toolchain/avr8/avr8-gnu-toolchain/bin/../lib/gcc/avr/5.4.0/../../../../avr/lib/avr6\libm.a(fp_zero.o)
                0x0000479e                __fp_zero
                0x000047a0                __fp_szero
 .text.avr-libc.fplib
                0x000047ac        0x8 e:/atmel/studio/7.0/toolchain/avr8/avr8-gnu-toolchain/bin/../lib/gcc/avr/5.4.0/../../../../avr/lib/avr6\libm.a(gesf2.o)
                0x000047ac                __gesf2
                0x000047ac                __gtsf2
 .text.avr-libc.fplib
                0x000047b4        0x4 e:/atmel/studio/7.0/toolchain/avr8/avr8-gnu-toolchain/bin/../lib/gcc/avr/5.4.0/../../../../avr/lib/avr6\libm.a(mulsf3.o)
                0x000047b4                __mulsf3
 .text.avr-libc.fplib
                0x000047b8       0xc2 e:/atmel/studio/7.0/toolchain/avr8/avr8-gnu-toolchain/bin/../lib/gcc/avr/5.4.0/../../../../avr/lib/avr6\libm.a(mulsf3x.o)
                0x000047cc                __mulsf3x
                0x000047d0                __mulsf3_pse
 .text.libgcc.div
                0x0000487a       0x26 e:/atmel/studio/7.0/toolchain/avr8/avr8-gnu-toolchain/bin/../lib/gcc/avr/5.4.0/avr6\libgcc.a(_divmodhi4.o)
                0x0000487a                _div
                0x0000487a                __divmodhi4
 .text.libgcc.div
                0x000048a0       0x44 e:/atmel/studio/7.0/toolchain/avr8/avr8-gnu-toolchain/bin/../lib/gcc/avr/5.4.0/avr6\libgcc.a(_udivmodsi4.o)
                0x000048a0                __udivmodsi4
 .text.libgcc.mul
                0x000048e4       0x1e e:/atmel/studio/7.0/toolchain/avr8/avr8-gnu-toolchain/bin/../lib/gcc/avr/5.4.0/avr6\libgcc.a(_umulhisi3.o)
                0x000048e4                __umulhisi3
 .text.libgcc.div
                0x00004902       0x28 e:/atmel/studio/7.0/toolchain/avr8/avr8-gnu-toolchain/bin/../lib/gcc/avr/5.4.0/avr6\libgcc.a(_udivmodhi4.o)
                0x00004902                __udivmodhi4
 .text.avr-libc
                0x0000492a      0x242 e:/atmel/studio/7.0/toolchain/avr8/avr8-gnu-toolchain/bin/../lib/gcc/avr/5.4.0/../../../../avr/lib/avr6\libc.a(malloc.o)
                0x0000492a                malloc
                0x00004a5a                free
 .text.avr-libc
                0x00004b6c        0xe e:/atmel/studio/7.0/toolchain/avr8/avr8-gnu-toolchain/bin/../lib/gcc/avr/5.4.0/../../../../avr/lib/avr6\libc.a(isblank.o)
                0x00004b6c                isblank
 .text.avr-libc
                0x00004b7a        0x6 e:/atmel/studio/7.0/toolchain/avr8/avr8-gnu-toolchain/bin/../lib/gcc/avr/5.4.0/../../../../avr/lib/avr6\libc.a(cty_isfalse.o)
                0x00004b7a                __ctype_isfalse
                0x00004b7e                __ctype_istrue
                0x00004b80                . = ALIGN (0x2)
 *(.fini9)
 .fini9         0x00004b80        0x0 e:/atmel/studio/7.0/toolchain/avr8/avr8-gnu-toolchain/bin/../lib/gcc/avr/5.4.0/avr6\libgcc.a(_exit.o)
                0x00004b80                _exit
                0x00004b80                exit
 *(.fini9)
 *(.fini8)
 *(.fini8)
 *(.fini7)
 *(.fini7)
 *(.fini6)
 *(.fini6)
 *(.fini5)
 *(.fini5)
 *(.fini4)
 *(.fini4)
 *(.fini3)
 *(.fini3)
 *(.fini2)
 *(.fini2)
 *(.fini1)
 *(.fini1)
 *(.fini0)
 .fini0         0x00004b80        0x4 e:/atmel/studio/7.0/toolchain/avr8/avr8-gnu-toolchain/bin/../lib/gcc/avr/5.4.0/avr6\libgcc.a(_exit.o)
 *(.fini0)
                0x00004b84                _etext = .

.data           0x00800200       0xba load address 0x00004b84
                0x00800200                PROVIDE (__data_start, .)
 *(.data)
 .data          0x00800200        0x6 e:/atmel/studio/7.0/toolchain/avr8/avr8-gnu-toolchain/bin/../lib/gcc/avr/5.4.0/../../../../avr/lib/avr6\libc.a(malloc.o)
                0x00800200                __malloc_heap_end
                0x00800202                __malloc_heap_start
                0x00800204                __malloc_margin
 *(.data*)
 .data.EA       0x00800206        0xc EasyComm/EasyComm.o
 .data.EE       0x00800212        0xc EasyComm/EasyComm.o
 .data.sina.1791
                0x0080021e       0x14 PWMD/PWMD.o
 .data.sinb.1792
                0x00800232       0x14 PWMD/PWMD.o
 .data.sinc.1793
                0x00800246       0x14 PWMD/PWMD.o
 .data.Local_u8DataBits
                0x0080025a        0x4 UART_program.o
                0x0080025a                Local_u8DataBits
 *(.gnu.linkonce.d*)
 *(.rodata)
 .rodata        0x0080025e        0x8 EasyComm/EasyComm.o
 .rodata        0x00800266       0x18 main.o
 *(.rodata*)
 .rodata.timer_counters.1712
                0x0080027e        0xc TIM/TIM_PROG.o
 .rodata.ocras.1736
                0x0080028a        0xc TIM/TIM_PROG.o
 .rodata.prrs.1636
                0x00800296        0x4 USART/USART_PROG.o
 .rodata.ucsras.1642
                0x0080029a        0x8 USART/USART_PROG.o
 .rodata.udrs.1641
                0x008002a2        0x8 USART/USART_PROG.o
 .rodata.ucsras.1650
                0x008002aa        0x8 USART/USART_PROG.o
 .rodata.udrs.1649
                0x008002b2        0x8 USART/USART_PROG.o
 *(.gnu.linkonce.r*)
                0x008002ba                . = ALIGN (0x2)
                0x008002ba                _edata = .
                0x008002ba                PROVIDE (__data_end, .)

.bss            0x008002ba       0xe8
                0x008002ba                PROVIDE (__bss_start, .)
 *(.bss)
 *(.bss*)
 .bss.ADC_Callback
                0x008002ba        0x2 ADC/ADC_PROG.o
 .bss.dim       0x008002bc        0x2 Control/Control.o
 .bss.r         0x008002be        0x2 Control/Control.o
 .bss.buffer    0x008002c0       0x32 EasyComm/EasyComm.o
 .bss.az        0x008002f2        0x4 EasyComm/EasyComm.o
 .bss.el        0x008002f6        0x4 EasyComm/EasyComm.o
 .bss.uplink_rate
                0x008002fa        0x4 EasyComm/EasyComm.o
 .bss.downlink_rate
                0x008002fe        0x4 EasyComm/EasyComm.o
 .bss.uplink_mode
                0x00800302        0x4 EasyComm/EasyComm.o
 .bss.downlink_mode
                0x00800306        0x4 EasyComm/EasyComm.o
 .bss.azimuth_analog_speed
                0x0080030a        0x1 EasyComm/EasyComm.o
 .bss.elevation_analog_speed
                0x0080030b        0x1 EasyComm/EasyComm.o
 .bss.RE        0x0080030c        0xb EasyComm/EasyComm.o
 .bss.cursor    0x00800317        0x2 EasyComm/EasyComm.o
 .bss.INTx_Callback
                0x00800319       0x10 INT/INT_PROG.o
 .bss.PCIx_Callback
                0x00800329        0x6 INT/INT_PROG.o
 .bss.az_amp    0x0080032f        0x1 PWMD/PWMD.o
 .bss.el_amp    0x00800330        0x1 PWMD/PWMD.o
 .bss.az_msk    0x00800331        0x1 PWMD/PWMD.o
 .bss.el_msk    0x00800332        0x1 PWMD/PWMD.o
 .bss.phase.1788
                0x00800333        0x1 PWMD/PWMD.o
 .bss.az_buf.1789
                0x00800334        0x1 PWMD/PWMD.o
 .bss.el_buf.1790
                0x00800335        0x1 PWMD/PWMD.o
 .bss.TIM2_CMPA_Callback
                0x00800336        0x2 TIM/TIM_PROG.o
 .bss.TIM2_CMPB_Callback
                0x00800338        0x2 TIM/TIM_PROG.o
 .bss.TIM2_OVF_Callback
                0x0080033a        0x2 TIM/TIM_PROG.o
 .bss.TIM1_CAPT_Callback
                0x0080033c        0x2 TIM/TIM_PROG.o
 .bss.TIM1_CMPA_Callback
                0x0080033e        0x2 TIM/TIM_PROG.o
 .bss.TIM1_CMPB_Callback
                0x00800340        0x2 TIM/TIM_PROG.o
 .bss.TIM1_CMPC_Callback
                0x00800342        0x2 TIM/TIM_PROG.o
 .bss.TIM1_OVF_Callback
                0x00800344        0x2 TIM/TIM_PROG.o
 .bss.TIM0_CMPA_Callback
                0x00800346        0x2 TIM/TIM_PROG.o
 .bss.TIM0_CMPB_Callback
                0x00800348        0x2 TIM/TIM_PROG.o
 .bss.TIM0_OVF_Callback
                0x0080034a        0x2 TIM/TIM_PROG.o
 .bss.TIM3_CAPT_Callback
                0x0080034c        0x2 TIM/TIM_PROG.o
 .bss.TIM3_CMPA_Callback
                0x0080034e        0x2 TIM/TIM_PROG.o
 .bss.TIM3_CMPB_Callback
                0x00800350        0x2 TIM/TIM_PROG.o
 .bss.TIM3_CMPC_Callback
                0x00800352        0x2 TIM/TIM_PROG.o
 .bss.TIM3_OVF_Callback
                0x00800354        0x2 TIM/TIM_PROG.o
 .bss.TIM4_CAPT_Callback
                0x00800356        0x2 TIM/TIM_PROG.o
 .bss.TIM4_CMPA_Callback
                0x00800358        0x2 TIM/TIM_PROG.o
 .bss.TIM4_CMPB_Callback
                0x0080035a        0x2 TIM/TIM_PROG.o
 .bss.TIM4_CMPC_Callback
                0x0080035c        0x2 TIM/TIM_PROG.o
 .bss.TIM4_OVF_Callback
                0x0080035e        0x2 TIM/TIM_PROG.o
 .bss.TIM5_CAPT_Callback
                0x00800360        0x2 TIM/TIM_PROG.o
 .bss.TIM5_CMPA_Callback
                0x00800362        0x2 TIM/TIM_PROG.o
 .bss.TIM5_CMPB_Callback
                0x00800364        0x2 TIM/TIM_PROG.o
 .bss.TIM5_CMPC_Callback
                0x00800366        0x2 TIM/TIM_PROG.o
 .bss.TIM5_OVF_Callback
                0x00800368        0x2 TIM/TIM_PROG.o
 .bss.timesteps
                0x0080036a       0x18 TIM/TIM_PROG.o
 .bss.TransmitComplete
                0x00800382        0x8 UART_program.o
                0x00800382                TransmitComplete
 .bss.ReceiveComplete
                0x0080038a        0x8 UART_program.o
                0x0080038a                ReceiveComplete
 .bss.BufferEmpty
                0x00800392        0x8 UART_program.o
                0x00800392                BufferEmpty
 *(COMMON)
 COMMON         0x0080039a        0x4 EasyComm/EasyComm.o
                0x0080039a                tsz
                0x0080039c                table
 COMMON         0x0080039e        0x4 e:/atmel/studio/7.0/toolchain/avr8/avr8-gnu-toolchain/bin/../lib/gcc/avr/5.4.0/../../../../avr/lib/avr6\libc.a(malloc.o)
                0x0080039e                __brkval
                0x008003a0                __flp
                0x008003a2                PROVIDE (__bss_end, .)
                0x00004b84                __data_load_start = LOADADDR (.data)
                0x00004c3e                __data_load_end = (__data_load_start + SIZEOF (.data))

.noinit         0x008003a2        0x0
                [!provide]                PROVIDE (__noinit_start, .)
 *(.noinit*)
                [!provide]                PROVIDE (__noinit_end, .)
                0x008003a2                _end = .
                0x008003a2                PROVIDE (__heap_start, .)

.eeprom         0x00810000        0x0
 *(.eeprom*)
                0x00810000                __eeprom_end = .

.fuse
 *(.fuse)
 *(.lfuse)
 *(.hfuse)
 *(.efuse)

.lock
 *(.lock*)

.signature
 *(.signature*)

.user_signatures
 *(.user_signatures*)

.stab
 *(.stab)

.stabstr
 *(.stabstr)

.stab.excl
 *(.stab.excl)

.stab.exclstr
 *(.stab.exclstr)

.stab.index
 *(.stab.index)

.stab.indexstr
 *(.stab.indexstr)

.comment        0x00000000       0x30
 *(.comment)
 .comment       0x00000000       0x30 ADC/ADC_PROG.o
                                 0x31 (size before relaxing)
 .comment       0x00000030       0x31 Control/Control.o
 .comment       0x00000030       0x31 DIO/DIO_PROG.o
 .comment       0x00000030       0x31 EasyComm/EasyComm.o
 .comment       0x00000030       0x31 Encoder_program.o
 .comment       0x00000030       0x31 INT/INT_PROG.o
 .comment       0x00000030       0x31 main.o
 .comment       0x00000030       0x31 PWMD/PWMD.o
 .comment       0x00000030       0x31 TIM/TIM_PROG.o
 .comment       0x00000030       0x31 UART_program.o
 .comment       0x00000030       0x31 USART/USART_PROG.o
 .comment       0x00000030       0x31 e:/atmel/studio/7.0/toolchain/avr8/avr8-gnu-toolchain/bin/../lib/gcc/avr/5.4.0/../../../../avr/lib/avr6\libc.a(malloc.o)

.note.gnu.avr.deviceinfo
                0x00000000       0x40
 .note.gnu.avr.deviceinfo
                0x00000000       0x40 E:/Atmel/Studio/7.0/Packs/atmel/ATmega_DFP/1.3.300/gcc/dev/atmega2560/avr6/crtatmega2560.o

.note.gnu.build-id
 *(.note.gnu.build-id)

.debug
 *(.debug)

.line
 *(.line)

.debug_srcinfo
 *(.debug_srcinfo)

.debug_sfnames
 *(.debug_sfnames)

.debug_aranges  0x00000000      0x590
 *(.debug_aranges)
 .debug_aranges
                0x00000000       0x60 ADC/ADC_PROG.o
 .debug_aranges
                0x00000060       0x58 Control/Control.o
 .debug_aranges
                0x000000b8       0x58 DIO/DIO_PROG.o
 .debug_aranges
                0x00000110       0x20 EasyComm/EasyComm.o
 .debug_aranges
                0x00000130       0xf8 Encoder_program.o
 .debug_aranges
                0x00000228       0xc8 INT/INT_PROG.o
 .debug_aranges
                0x000002f0       0x20 main.o
 .debug_aranges
                0x00000310       0x48 PWMD/PWMD.o
 .debug_aranges
                0x00000358      0x138 TIM/TIM_PROG.o
 .debug_aranges
                0x00000490       0xd0 UART_program.o
 .debug_aranges
                0x00000560       0x30 USART/USART_PROG.o

.debug_pubnames
 *(.debug_pubnames)

.debug_info     0x00000000     0x4333
 *(.debug_info .gnu.linkonce.wi.*)
 .debug_info    0x00000000      0xbbc E:/Atmel/Studio/7.0/Packs/atmel/ATmega_DFP/1.3.300/gcc/dev/atmega2560/avr6/crtatmega2560.o
 .debug_info    0x00000bbc      0x149 ADC/ADC_PROG.o
 .debug_info    0x00000d05      0x3a1 Control/Control.o
 .debug_info    0x000010a6      0x342 DIO/DIO_PROG.o
 .debug_info    0x000013e8      0x540 EasyComm/EasyComm.o
 .debug_info    0x00001928      0xef9 Encoder_program.o
 .debug_info    0x00002821      0x466 INT/INT_PROG.o
 .debug_info    0x00002c87      0x262 main.o
 .debug_info    0x00002ee9      0x343 PWMD/PWMD.o
 .debug_info    0x0000322c      0x8e3 TIM/TIM_PROG.o
 .debug_info    0x00003b0f      0x674 UART_program.o
 .debug_info    0x00004183      0x1b0 USART/USART_PROG.o

.debug_abbrev   0x00000000     0x17d1
 *(.debug_abbrev)
 .debug_abbrev  0x00000000      0xb1a E:/Atmel/Studio/7.0/Packs/atmel/ATmega_DFP/1.3.300/gcc/dev/atmega2560/avr6/crtatmega2560.o
 .debug_abbrev  0x00000b1a       0xbe ADC/ADC_PROG.o
 .debug_abbrev  0x00000bd8      0x108 Control/Control.o
 .debug_abbrev  0x00000ce0       0xe0 DIO/DIO_PROG.o
 .debug_abbrev  0x00000dc0      0x148 EasyComm/EasyComm.o
 .debug_abbrev  0x00000f08      0x23e Encoder_program.o
 .debug_abbrev  0x00001146       0xd9 INT/INT_PROG.o
 .debug_abbrev  0x0000121f       0xe5 main.o
 .debug_abbrev  0x00001304       0xe3 PWMD/PWMD.o
 .debug_abbrev  0x000013e7      0x159 TIM/TIM_PROG.o
 .debug_abbrev  0x00001540      0x19a UART_program.o
 .debug_abbrev  0x000016da       0xf7 USART/USART_PROG.o

.debug_line     0x00000000     0x35fc
 *(.debug_line .debug_line.* .debug_line_end)
 .debug_line    0x00000000      0x1f9 E:/Atmel/Studio/7.0/Packs/atmel/ATmega_DFP/1.3.300/gcc/dev/atmega2560/avr6/crtatmega2560.o
 .debug_line    0x000001f9      0x198 ADC/ADC_PROG.o
 .debug_line    0x00000391      0x303 Control/Control.o
 .debug_line    0x00000694      0x2b6 DIO/DIO_PROG.o
 .debug_line    0x0000094a      0x88a EasyComm/EasyComm.o
 .debug_line    0x000011d4      0xb18 Encoder_program.o
 .debug_line    0x00001cec      0x2e6 INT/INT_PROG.o
 .debug_line    0x00001fd2      0x10e main.o
 .debug_line    0x000020e0      0x200 PWMD/PWMD.o
 .debug_line    0x000022e0      0x9f7 TIM/TIM_PROG.o
 .debug_line    0x00002cd7      0x786 UART_program.o
 .debug_line    0x0000345d      0x19f USART/USART_PROG.o

.debug_frame    0x00000000     0x21f8
 *(.debug_frame)
 .debug_frame   0x00000000      0x178 ADC/ADC_PROG.o
 .debug_frame   0x00000178      0x190 Control/Control.o
 .debug_frame   0x00000308      0x114 DIO/DIO_PROG.o
 .debug_frame   0x0000041c       0x48 EasyComm/EasyComm.o
 .debug_frame   0x00000464      0x484 Encoder_program.o
 .debug_frame   0x000008e8      0x5c0 INT/INT_PROG.o
 .debug_frame   0x00000ea8       0x40 main.o
 .debug_frame   0x00000ee8       0xd4 PWMD/PWMD.o
 .debug_frame   0x00000fbc      0xb88 TIM/TIM_PROG.o
 .debug_frame   0x00001b44      0x640 UART_program.o
 .debug_frame   0x00002184       0x74 USART/USART_PROG.o

.debug_str      0x00000000     0x1935
 *(.debug_str)
 .debug_str     0x00000000      0x3e6 E:/Atmel/Studio/7.0/Packs/atmel/ATmega_DFP/1.3.300/gcc/dev/atmega2560/avr6/crtatmega2560.o
 .debug_str     0x000003e6      0x1db ADC/ADC_PROG.o
                                0x1ed (size before relaxing)
 .debug_str     0x000005c1      0x1b4 Control/Control.o
                                0x300 (size before relaxing)
 .debug_str     0x00000775       0xf1 DIO/DIO_PROG.o
                                0x22c (size before relaxing)
 .debug_str     0x00000866      0x10e EasyComm/EasyComm.o
                                0x2dc (size before relaxing)
 .debug_str     0x00000974      0x447 Encoder_program.o
                                0x659 (size before relaxing)
 .debug_str     0x00000dbb      0x27b INT/INT_PROG.o
                                0x3f9 (size before relaxing)
 .debug_str     0x00001036       0x3f main.o
                                0x248 (size before relaxing)
 .debug_str     0x00001075       0xbf PWMD/PWMD.o
                                0x2b7 (size before relaxing)
 .debug_str     0x00001134      0x4b6 TIM/TIM_PROG.o
                                0x684 (size before relaxing)
 .debug_str     0x000015ea      0x2db UART_program.o
                                0x46f (size before relaxing)
 .debug_str     0x000018c5       0x70 USART/USART_PROG.o
                                0x1cb (size before relaxing)

.debug_loc      0x00000000     0x4cd5
 *(.debug_loc)
 .debug_loc     0x00000000      0x2d6 ADC/ADC_PROG.o
 .debug_loc     0x000002d6      0x35d Control/Control.o
 .debug_loc     0x00000633      0x240 DIO/DIO_PROG.o
 .debug_loc     0x00000873       0x7b EasyComm/EasyComm.o
 .debug_loc     0x000008ee      0x9c6 Encoder_program.o
 .debug_loc     0x000012b4      0xd59 INT/INT_PROG.o
 .debug_loc     0x0000200d       0x62 main.o
 .debug_loc     0x0000206f      0x196 PWMD/PWMD.o
 .debug_loc     0x00002205     0x1b57 TIM/TIM_PROG.o
 .debug_loc     0x00003d5c      0xeae UART_program.o
 .debug_loc     0x00004c0a       0xcb USART/USART_PROG.o

.debug_macinfo
 *(.debug_macinfo)

.debug_weaknames
 *(.debug_weaknames)

.debug_funcnames
 *(.debug_funcnames)

.debug_typenames
 *(.debug_typenames)

.debug_varnames
 *(.debug_varnames)

.debug_pubtypes
 *(.debug_pubtypes)

.debug_ranges   0x00000000      0x510
 *(.debug_ranges)
 .debug_ranges  0x00000000       0x50 ADC/ADC_PROG.o
 .debug_ranges  0x00000050       0x48 Control/Control.o
 .debug_ranges  0x00000098       0x48 DIO/DIO_PROG.o
 .debug_ranges  0x000000e0       0x10 EasyComm/EasyComm.o
 .debug_ranges  0x000000f0      0x118 Encoder_program.o
 .debug_ranges  0x00000208       0xb8 INT/INT_PROG.o
 .debug_ranges  0x000002c0       0x10 main.o
 .debug_ranges  0x000002d0       0x38 PWMD/PWMD.o
 .debug_ranges  0x00000308      0x128 TIM/TIM_PROG.o
 .debug_ranges  0x00000430       0xc0 UART_program.o
 .debug_ranges  0x000004f0       0x20 USART/USART_PROG.o

.debug_macro
 *(.debug_macro)
OUTPUT(GccApplication1.elf elf32-avr)
LOAD linker stubs
